### frozen cell under probe:
Mref (vbias vbias vss vss) n33 l=2e-6 w=2e-5
Mcas   (data_out vcas   node_m vss) n33      l=2e-6  w=2e-5
Mout   (node_m  vbias_ch   vss      vss) n33      l=2e-6  w=2e-5
Mpass_local   (vbias   data_en   vbias_ch vss) n33 l=2e-6 w=5e-6
Mbleed_local (vbias_ch data_en_b vss   vss)  n33  l=2e-6 w=2e-6

================ CORNER tt
--- DC on (0 -> 3.3 V, step 0.02, iprobe)
       PROBE_BURDEN      : max |V(vsw) - V(data_out)| = 0.000e+00 V (must be 0)
       vbias_ch        : 0.884261 .. 0.884261 V   worst (VBIAS_SHARED - it) = 0.000000 V, worst overshoot = -0.000000 V
    == Ebodyfix_tt_on  points=166  VOUT_max=3.3000 V  IOUT@max=14.960820 uA (err -0.261 %)
       COMPLIANCE_1PCT : 0.4600 V
       COMPLIANCE_2PCT : 0.2200 V
       COMPLIANCE_5PCT : 0.1200 V
       NOMINAL VOUT=1.2000 V: IOUT=14.931882 uA  err=-0.454 %
       IOUT_SPAN whole sweep: 0.000000 .. 14.960820 uA = 99.74 % of target
    DATA_DRIVER_DC: OK
--- DC off (0 -> 3.3 V, step 0.02, iprobe)
       PROBE_BURDEN      : max |V(vsw) - V(data_out)| = 0.000e+00 V (must be 0)
       vbias_ch        : 0.000000 .. 0.000000 V   worst (VBIAS_SHARED - it) = 0.884277 V, worst overshoot = -0.884261 V
    == Ebodyfix_tt_off  points=166  VOUT_max=3.3000 V  IOUT@max=0.000005 uA (err -100.000 %)
       COMPLIANCE_1PCT : NOT_FOUND
       COMPLIANCE_2PCT : NOT_FOUND
       COMPLIANCE_5PCT : NOT_FOUND
       NOMINAL VOUT=1.2000 V: IOUT=0.000001 uA  err=-100.000 %
       IOUT_SPAN whole sweep: -0.000000 .. 0.000005 uA = 0.00 % of target
    DATA_DRIVER_DC: OK
--- TRAN static baseline (EN0=EN1=1 held) + toggling neighbour, T=9.765625e-6, gear2only
    deck: ddrv_E_local_gate_n33_tt_l2e6w2e5_ch2_iprobe_mgear2only_bulkvss_tt_dyn_T9.765625e6vout1.20_ms5ns
grep: /root/microled_ai_project/spectre/generated/sim/ddrv_E_local_gate_n33_tt_l2e6w2e5_ch2_iprobe_mgear2only_bulkvss_tt_dyn_T9.765625e6vout1.20_ms5ns.scs: No such file or directory
"maxstep" 5.00000e-09 "reltol" 0.00100000 "method" "gear2only"     (header above)
       I_BASELINE        : 14.931882 uA   (median of the static neighbour-held run tran1.tran.tran)
       PEAK_CROSSTALK_ERROR   : 0.720267 uA above baseline = 4.802 % of target
       CHARGE_ERROR_PERCENT   : 0.2131 %  (|Q_error| / (15uA x 3.515e-05 s))
       GLITCH_DURATION >+/- 1% : 2.3417e-06 s (6.66 % of the observed window)
       VBIAS_SHARED      : 0.793235 .. 0.886690 V   (spread 0.093455 V)
       vbias_ch1         : 0.879629 .. 0.884697 V   (spread 0.005068 V)
       RINGING           : ADJACENT_POINT_ALTERNATION: NO   (alternation 0.000001 uA p2p, sign-flip ratio 0.006 over 7185 samples; YES needs p2p >= 0.0150 uA and flips >= 0.70)
       TURN_ON_SETTLING  : 7.399e-07 s   (worst of 4, 0 never settled)
       TURN_OFF          : 1.143e-08 s   (worst of 4, 0 never met the band)
       OFF_LEAKAGE       : 0.000299 uA   (worst mean over the last 30% of the OFF window INTERIOR, edges excluded; sample ripple 0.000107 uA)
       ON_SETTLED        : 14.931810 .. 14.931811 uA (mean over the last 30% of the ON window INTERIOR, edges excluded), worst |I - target| = 0.068190 uA = 0.455 %   <- compare with the DC curve at the same VOUT
       ON_RIPPLE         : 0.000281 uA peak-to-peak worst (spread of the settled tail; could be circuit ripple or solver alternation -- RINGING below separates them)
       RINGING           : ADJACENT_POINT_ALTERNATION: NO   (worst alternation 0.000010 uA p2p, sign-flip ratio 0.000, 2660 samples over 4 ON windows; YES needs p2p >= 0.0150 uA and flips >= 0.70. Step-locked by construction, so a real ripple survives changing maxstep while ringing does not.)
       VBIAS_SHARED      : 0.792810 .. 0.888018 V   (worst deviation 0.091452 V = 5.0806 % of 1.8 V)
       VBIAS_CH : -0.010721 .. 0.884261 V   (the channel's own mirror gate: ON must reach VBIAS_SHARED, OFF must reach 0)
       GATE_PASS_ERROR   : worst (VBIAS_SHARED - vbias_ch) = 0.897412 V   (a pass device that cannot equal its input leaves the mirror short)
    DATA_DRIVER_TRAN: OK

================ CORNER ss
--- DC on (0 -> 3.3 V, step 0.02, iprobe)
       PROBE_BURDEN      : max |V(vsw) - V(data_out)| = 0.000e+00 V (must be 0)
       vbias_ch        : 0.951216 .. 0.951264 V   worst (VBIAS_SHARED - it) = 0.000052 V, worst overshoot = -0.000004 V
    == Ebodyfix_ss_on  points=166  VOUT_max=3.3000 V  IOUT@max=14.933788 uA (err -0.441 %)
       COMPLIANCE_1PCT : 0.5000 V
       COMPLIANCE_2PCT : 0.2400 V
       COMPLIANCE_5PCT : 0.1200 V
       NOMINAL VOUT=1.2000 V: IOUT=14.898749 uA  err=-0.675 %
       IOUT_SPAN whole sweep: 0.000000 .. 14.933788 uA = 99.56 % of target
    DATA_DRIVER_DC: OK
--- DC off (0 -> 3.3 V, step 0.02, iprobe)
       PROBE_BURDEN      : max |V(vsw) - V(data_out)| = 0.000e+00 V (must be 0)
       vbias_ch        : 0.000000 .. 0.000000 V   worst (VBIAS_SHARED - it) = 0.951454 V, worst overshoot = -0.951269 V
    == Ebodyfix_ss_off  points=166  VOUT_max=3.3000 V  IOUT@max=0.000000 uA (err -100.000 %)
       COMPLIANCE_1PCT : NOT_FOUND
       COMPLIANCE_2PCT : NOT_FOUND
       COMPLIANCE_5PCT : NOT_FOUND
       NOMINAL VOUT=1.2000 V: IOUT=0.000000 uA  err=-100.000 %
       IOUT_SPAN whole sweep: -0.000000 .. 0.000000 uA = 0.00 % of target
    DATA_DRIVER_DC: OK
--- TRAN static baseline (EN0=EN1=1 held) + toggling neighbour, T=9.765625e-6, gear2only
    deck: ddrv_E_local_gate_n33_ss_l2e6w2e5_ch2_iprobe_mgear2only_bulkvss_ss_dyn_T9.765625e6vout1.20_ms5ns
grep: /root/microled_ai_project/spectre/generated/sim/ddrv_E_local_gate_n33_ss_l2e6w2e5_ch2_iprobe_mgear2only_bulkvss_ss_dyn_T9.765625e6vout1.20_ms5ns.scs: No such file or directory
"maxstep" 5.00000e-09 "reltol" 0.00100000 "method" "gear2only"     (header above)
       I_BASELINE        : 14.896671 uA   (median of the static neighbour-held run tran1.tran.tran)
       PEAK_CROSSTALK_ERROR   : 0.055828 uA above baseline = 0.372 % of target
       CHARGE_ERROR_PERCENT   : 0.2247 %  (|Q_error| / (15uA x 3.515e-05 s))
       GLITCH_DURATION >+/- 1% : 0.0000e+00 s (0.00 % of the observed window)
       VBIAS_SHARED      : 0.859486 .. 0.955596 V   (spread 0.096110 V)
       vbias_ch1         : 0.950886 .. 0.951637 V   (spread 0.000752 V)
       RINGING           : ADJACENT_POINT_ALTERNATION: NO   (alternation 0.000007 uA p2p, sign-flip ratio 0.008 over 7181 samples; YES needs p2p >= 0.0150 uA and flips >= 0.70)
       TURN_ON_SETTLING  : NOT_FOUND   (worst of 4, 4 never settled)
       TURN_OFF          : 1.085e-08 s   (worst of 4, 0 never met the band)
       OFF_LEAKAGE       : 0.000306 uA   (worst mean over the last 30% of the OFF window INTERIOR, edges excluded; sample ripple 0.000111 uA)
       ON_SETTLED        : 8.183899 .. 8.187951 uA (mean over the last 30% of the ON window INTERIOR, edges excluded), worst |I - target| = 6.816101 uA = 45.441 %   <- compare with the DC curve at the same VOUT
       ON_RIPPLE         : 0.905551 uA peak-to-peak worst (spread of the settled tail; could be circuit ripple or solver alternation -- RINGING below separates them)
       RINGING           : ADJACENT_POINT_ALTERNATION: NO   (worst alternation 0.004094 uA p2p, sign-flip ratio 0.000, 2660 samples over 4 ON windows; YES needs p2p >= 0.0150 uA and flips >= 0.70. Step-locked by construction, so a real ripple survives changing maxstep while ringing does not.)
       VBIAS_SHARED      : 0.859486 .. 0.955596 V   (worst deviation 0.091777 V = 5.0987 % of 1.8 V)
       VBIAS_CH : -0.013437 .. 0.902802 V   (the channel's own mirror gate: ON must reach VBIAS_SHARED, OFF must reach 0)
       GATE_PASS_ERROR   : worst (VBIAS_SHARED - vbias_ch) = 0.967665 V   (a pass device that cannot equal its input leaves the mirror short)
    DATA_DRIVER_TRAN: FAIL (IOUT does not stay inside +/-5% for 40% of the ON window in 4/4 ON windows -- at this period the pixel is not regulated for most of the time it is selected)

================ CORNER ff
--- DC on (0 -> 3.3 V, step 0.02, iprobe)
       PROBE_BURDEN      : max |V(vsw) - V(data_out)| = 0.000e+00 V (must be 0)
       vbias_ch        : 0.818122 .. 0.818122 V   worst (VBIAS_SHARED - it) = 0.000000 V, worst overshoot = -0.000000 V
    == Ebodyfix_ff_on  points=166  VOUT_max=3.3000 V  IOUT@max=14.988595 uA (err -0.076 %)
       COMPLIANCE_1PCT : 0.4200 V
       COMPLIANCE_2PCT : 0.2000 V
       COMPLIANCE_5PCT : 0.1200 V
       NOMINAL VOUT=1.2000 V: IOUT=14.964877 uA  err=-0.234 %
       IOUT_SPAN whole sweep: 0.000000 .. 14.988595 uA = 99.92 % of target
    DATA_DRIVER_DC: OK
--- DC off (0 -> 3.3 V, step 0.02, iprobe)
       PROBE_BURDEN      : max |V(vsw) - V(data_out)| = 0.000e+00 V (must be 0)
       vbias_ch        : 0.000000 .. 0.000000 V   worst (VBIAS_SHARED - it) = 0.818129 V, worst overshoot = -0.818122 V
    == Ebodyfix_ff_off  points=166  VOUT_max=3.3000 V  IOUT@max=0.000027 uA (err -100.000 %)
       COMPLIANCE_1PCT : NOT_FOUND
       COMPLIANCE_2PCT : NOT_FOUND
       COMPLIANCE_5PCT : NOT_FOUND
       NOMINAL VOUT=1.2000 V: IOUT=0.000004 uA  err=-100.000 %
       IOUT_SPAN whole sweep: -0.000000 .. 0.000027 uA = 0.00 % of target
    DATA_DRIVER_DC: OK
--- TRAN static baseline (EN0=EN1=1 held) + toggling neighbour, T=9.765625e-6, gear2only
    deck: ddrv_E_local_gate_n33_ff_l2e6w2e5_ch2_iprobe_mgear2only_bulkvss_ff_dyn_T9.765625e6vout1.20_ms5ns
grep: /root/microled_ai_project/spectre/generated/sim/ddrv_E_local_gate_n33_ff_l2e6w2e5_ch2_iprobe_mgear2only_bulkvss_ff_dyn_T9.765625e6vout1.20_ms5ns.scs: No such file or directory
"maxstep" 5.00000e-09 "reltol" 0.00100000 "method" "gear2only"     (header above)
       I_BASELINE        : 14.964877 uA   (median of the static neighbour-held run tran1.tran.tran)
       PEAK_CROSSTALK_ERROR   : 5.527816 uA above baseline = 36.852 % of target
       CHARGE_ERROR_PERCENT   : 0.0976 %  (|Q_error| / (15uA x 3.515e-05 s))
       GLITCH_DURATION >+/- 1% : 2.9133e-07 s (0.83 % of the observed window)
       VBIAS_SHARED      : 0.740734 .. 0.821592 V   (spread 0.080858 V)
       vbias_ch1         : 0.778469 .. 0.818494 V   (spread 0.040026 V)
       RINGING           : ADJACENT_POINT_ALTERNATION: NO   (alternation 0.000000 uA p2p, sign-flip ratio 0.499 over 7191 samples; YES needs p2p >= 0.0150 uA and flips >= 0.70)
       TURN_ON_SETTLING  : 4.971e-08 s   (worst of 4, 0 never settled)
       TURN_OFF          : 9.889e-09 s   (worst of 4, 0 never met the band)
       OFF_LEAKAGE       : 0.000293 uA   (worst mean over the last 30% of the OFF window INTERIOR, edges excluded; sample ripple 0.000105 uA)
       ON_SETTLED        : 14.964877 .. 14.964877 uA (mean over the last 30% of the ON window INTERIOR, edges excluded), worst |I - target| = 0.035123 uA = 0.234 %   <- compare with the DC curve at the same VOUT
       ON_RIPPLE         : 0.000000 uA peak-to-peak worst (spread of the settled tail; could be circuit ripple or solver alternation -- RINGING below separates them)
       RINGING           : ADJACENT_POINT_ALTERNATION: NO   (worst alternation 0.000000 uA p2p, sign-flip ratio 1.000, 1995 samples over 3 ON windows; YES needs p2p >= 0.0150 uA and flips >= 0.70. Step-locked by construction, so a real ripple survives changing maxstep while ringing does not.)
       VBIAS_SHARED      : 0.740734 .. 0.821592 V   (worst deviation 0.077387 V = 4.2993 % of 1.8 V)
       VBIAS_CH : -0.008623 .. 0.818122 V   (the channel's own mirror gate: ON must reach VBIAS_SHARED, OFF must reach 0)
       GATE_PASS_ERROR   : worst (VBIAS_SHARED - vbias_ch) = 0.828886 V   (a pass device that cannot equal its input leaves the mirror short)
    DATA_DRIVER_TRAN: OK

results: /root/microled_ai_project/results/data_driver_Ebodyfix_corner_dc.csv
         /root/microled_ai_project/results/data_driver_Ebodyfix_corner_transient.csv
         /root/microled_ai_project/results/data_driver_Ebodyfix_corner_xtalk.csv
CORNER_PROBE_RUNS_DONE corners=tt ss ff method=gear2only
