\# Program start time UTC 2026.10.08 14:04:06.940
\# Local time Thursday 8 October 2026, 10:04 pm
\o Program:		@(#)$CDS: virtuoso version 6.1.7-64b 11/09/2015 12:45 (sjfnl165) $
\o Hierarchy:		/opt/IC617/tools.lnx86/dfII/
\o Sub version:		sub-version  IC6.1.7-64b.78  (64-bit addresses)
\# Command line:	/opt/IC617/tools/dfII/bin/64bit/virtuoso -nograph -log /root/microled_ai_project/cadence_work/logs/sch_nograph_20261008_220403.log
\# Host name (type):	work-eda (x86_64)
\# Operating system:	Linux 2.6.32-431.el6.x86_64 #1 SMP Sun Nov 10 22:19:54 EST 2013
\# Linux /etc/issue:	Red Hat Enterprise Linux Server release 6.5 (Santiago)
\# Linux /etc/issue:	Kernel \r on an \m
\# X display name (WxH):	work-eda:80 (1024x868)
\# Available geometry:			TL(0:0) BR(1023:867)
\# X server:			RealVNC Ltd (VNC nograph server, PID 35630)
\# Depth of Visual (Root):	16 (16)
\# Number of Planes Used:	16
\# X version:		11.0 (vendor release 3370)
\# X resource pool:	base 0x800000, mask 0x3fffff (4194303), shift 0
\# 			current id 0x0, current max 0x3ffffa (4194298)
\# Max data seg size:	     unlimited
\# Max process size:	     unlimited
\# Initial sbrk value:	        378 MB
\# Available memory:	      8,306 MB
\# System memory:	     11,866 MB
\# Maximum memory size:	     11,568 MB
\# Max mem available:	      8,385 MB
\# Initial memory used:	         80 MB
\#        process size:	        873 MB
\# Qt version:		4.8.5
\# Window Manager:	other
\# User Name:		root
\o Working Directory:	work-eda:/root/microled_ai_project/cadence_work
\# Process Id:		35509
\o 
\o COPYRIGHT © 1992-2015  CADENCE DESIGN SYSTEMS INC.  ALL RIGHTS RESERVED.
\o           © 1992-2015  UNIX SYSTEMS Laboratories INC.,
\o                          Reproduced with permission.
\o 
\o This Cadence Design Systems program and online documentation are
\o proprietary/confidential information and may be disclosed/used only
\o as authorized in a license agreement controlling such use and disclosure.
\o 
\o           RESTRICTED RIGHTS NOTICE (SHORT FORM)
\o Use/reproduction/disclosure is subject to restriction
\o set forth at FAR 1252.227-19 or its equivalent.
\o Loading geView.cxt 
\o Loading menuBuilder.cxt 
\o Loading schView.cxt 
\o Loading selectSv.cxt 
\o Loading wireEdit.cxt 
\o Loading pte2.cxt 
\o Loading xlUI.cxt 
\o Loading auCore.cxt 
\o Loading vhdl.cxt 
\o Loading seismic.cxt 
\o Loading ci.cxt 
\o Loading ams.cxt 
\o Virtuoso Framework License (111) was checked out successfully. Total checkout time was 0.04s.
\o END OF SITE CUSTOMIZATION
\o Loading $HOME/.cdsinit init file from the site init file.
\o RB-BEGIN
\o RB-DBCHECK lambda:dbCheck
\o RB-DBSAVE lambda:dbSave
\o Loading smic18mmrf/libInit.il ...
\o 	Loading smic18mmrf/loadCxt.ile ... done!
\o 	Loading context 'smic18mmrf' from library 'smic18mmrf' ... done!
\o 	Loading context 'pdkUtils' from library 'smic18mmrf' ... done!
\o 	Loading smic18mmrf/display.drf ... done!
\o 	Loading smic18mmrf/libInitCktPro.il ... done!
\o 	Loading smic18mmrf/libInitCustomExit.il ... Loading libInitCustomExit.il for smic18mmrf
\o Loading oasis.cxt 
\o Loading analog.cxt 
\o Loading asimenv.cxt 
\o Loading spectrei.cxt 
\o Loading devCheck.cxt 
\o Loading relXpert.cxt 
\o Loading hspiceD.cxt 
\o Loading spectreinl.cxt 
\o Loading UltraSim.cxt 
\o Loading msgHandler.cxt 
\o Loading AMSOSS.cxt 
\o Loading AMS.cxt 
\o done!
\o Loaded smic18mmrf/libInit.il successfully!
\o Loading smic skill utility
\o /root/microled_ai_project/pdk/smic18mmrf_teacher/smic18mmrf/../SMIC18MMRF_skillUtility/batchSetCDF.ile
\o /root/microled_ai_project/pdk/smic18mmrf_teacher/smic18mmrf/../SMIC18MMRF_skillUtility/libNumcheck.ile
\o Loading emxskill
\o file="/license.ils"loadfile="/root/microled_ai_project/pdk/smic18mmrf_teacher/smic18mmrf/../emxkit/emxskill/license.ils"/root/microled_ai_project/pdk/smic18mmrf_teacher/smic18mmrf/../emxkit/emxskill/license.ils
\o file="/continuum.ils"loadfile="/root/microled_ai_project/pdk/smic18mmrf_teacher/smic18mmrf/../emxkit/emxskill/continuum.ils"/root/microled_ai_project/pdk/smic18mmrf_teacher/smic18mmrf/../emxkit/emxskill/continuum.ils
\o file="/continuumgui.ils"loadfile="/root/microled_ai_project/pdk/smic18mmrf_teacher/smic18mmrf/../emxkit/emxskill/continuumgui.ils"/root/microled_ai_project/pdk/smic18mmrf_teacher/smic18mmrf/../emxkit/emxskill/continuumgui.ils
\o file="/callbacks.ils"loadfile="/root/microled_ai_project/pdk/smic18mmrf_teacher/smic18mmrf/../emxkit/emxskill/callbacks.ils"/root/microled_ai_project/pdk/smic18mmrf_teacher/smic18mmrf/../emxkit/emxskill/callbacks.ils
\o file="/../models/diff_ind_3t_rf_psub_18MTE_scalable.ils"loadfile="/root/microled_ai_project/pdk/smic18mmrf_teacher/smic18mmrf/../emxkit/emxskill/../models/diff_ind_3t_rf_psub_18MTE_scalable.ils"/root/microled_ai_project/pdk/smic18mmrf_teacher/smic18mmrf/../emxkit/emxskill/../models/diff_ind_3t_rf_psub_18MTE_scalable.ils
\o file="/../models/diff_ind_rf_psub_18MTE_scalable.ils"loadfile="/root/microled_ai_project/pdk/smic18mmrf_teacher/smic18mmrf/../emxkit/emxskill/../models/diff_ind_rf_psub_18MTE_scalable.ils"/root/microled_ai_project/pdk/smic18mmrf_teacher/smic18mmrf/../emxkit/emxskill/../models/diff_ind_rf_psub_18MTE_scalable.ils
\o file="/../models/ind_rf_psub_scalable.ils"loadfile="/root/microled_ai_project/pdk/smic18mmrf_teacher/smic18mmrf/../emxkit/emxskill/../models/ind_rf_psub_scalable.ils"/root/microled_ai_project/pdk/smic18mmrf_teacher/smic18mmrf/../emxkit/emxskill/../models/ind_rf_psub_scalable.ils
\o INFO (SCH-2126): Deleting the terminal "d", during a design open or synchronization operation, as it has no pin associated with itself.
\o INFO (SCH-2126): Deleting the terminal "clk", during a design open or synchronization operation, as it has no pin associated with itself.
\o INFO (SCH-2126): Deleting the terminal "q", during a design open or synchronization operation, as it has no pin associated with itself.
\o INFO (SCH-2126): Deleting the terminal "qbar", during a design open or synchronization operation, as it has no pin associated with itself.
\o INFO (SCH-2126): Deleting the terminal "vdd", during a design open or synchronization operation, as it has no pin associated with itself.
\o INFO (SCH-2126): Deleting the terminal "vss", during a design open or synchronization operation, as it has no pin associated with itself.
\o RB-OPEN-MODE-a db:0x17dee81a
\o RB-OPENED-WRITABLE
\o PRE-SUMMARY instances=(19) nets=(14) terms=(0) shapes=(208)
\o PRE-INST "mp_k4" master="smic18mmrf"/"p18":"symbol" model="p18"
\o PRE-CON "mp_k4" "D" "q"
\o PRE-CON "mp_k4" "B" "vdd"
\o PRE-CON "mp_k4" "G" "qbar"
\o PRE-CON "mp_k4" "S" "vdd"
\o PRE-INST "mp_k3" master="smic18mmrf"/"p18":"symbol" model="p18"
\o PRE-CON "mp_k3" "D" "qbar"
\o PRE-CON "mp_k3" "B" "vdd"
\o PRE-CON "mp_k3" "G" "q"
\o PRE-CON "mp_k3" "S" "vdd"
\o PRE-INST "mp_s2" master="smic18mmrf"/"p18":"symbol" model="p18"
\o PRE-CON "mp_s2" "D" "q"
\o PRE-CON "mp_s2" "B" "vdd"
\o PRE-CON "mp_s2" "G" "m"
\o PRE-CON "mp_s2" "S" "y1"
\o PRE-INST "mp_s1" master="smic18mmrf"/"p18":"symbol" model="p18"
\o PRE-CON "mp_s1" "D" "y1"
\o PRE-CON "mp_s1" "B" "vdd"
\o PRE-CON "mp_s1" "G" "clkb"
\o PRE-CON "mp_s1" "S" "vdd"
\o PRE-INST "mp_k2" master="smic18mmrf"/"p18":"symbol" model="p18"
\o PRE-CON "mp_k2" "D" "m"
\o PRE-CON "mp_k2" "B" "vdd"
\o PRE-CON "mp_k2" "G" "mb"
\o PRE-CON "mp_k2" "S" "vdd"
\o PRE-INST "mp_k1" master="smic18mmrf"/"p18":"symbol" model="p18"
\o PRE-CON "mp_k1" "D" "mb"
\o PRE-CON "mp_k1" "B" "vdd"
\o PRE-CON "mp_k1" "G" "m"
\o PRE-CON "mp_k1" "S" "vdd"
\o PRE-INST "mp_m2" master="smic18mmrf"/"p18":"symbol" model="p18"
\o PRE-CON "mp_m2" "D" "m"
\o PRE-CON "mp_m2" "B" "vdd"
\o PRE-CON "mp_m2" "G" "d"
\o PRE-CON "mp_m2" "S" "x1"
\o PRE-INST "mp_m1" master="smic18mmrf"/"p18":"symbol" model="p18"
\o PRE-CON "mp_m1" "D" "x1"
\o PRE-CON "mp_m1" "B" "vdd"
\o PRE-CON "mp_m1" "G" "clk"
\o PRE-CON "mp_m1" "S" "vdd"
\o PRE-INST "mp_c" master="smic18mmrf"/"p18":"symbol" model="p18"
\o PRE-CON "mp_c" "D" "clkb"
\o PRE-CON "mp_c" "B" "vdd"
\o PRE-CON "mp_c" "G" "clk"
\o PRE-CON "mp_c" "S" "vdd"
\o PRE-INST "mn_k4" master="smic18mmrf"/"n18":"symbol" model="n18"
\o PRE-CON "mn_k4" "D" "q"
\o PRE-CON "mn_k4" "B" "vss"
\o PRE-CON "mn_k4" "G" "qbar"
\o PRE-CON "mn_k4" "S" "vss"
\o PRE-INST "mn_k3" master="smic18mmrf"/"n18":"symbol" model="n18"
\o PRE-CON "mn_k3" "D" "qbar"
\o PRE-CON "mn_k3" "B" "vss"
\o PRE-CON "mn_k3" "G" "q"
\o PRE-CON "mn_k3" "S" "vss"
\o PRE-INST "mn_s2" master="smic18mmrf"/"n18":"symbol" model="n18"
\o PRE-CON "mn_s2" "D" "q"
\o PRE-CON "mn_s2" "B" "vss"
\o PRE-CON "mn_s2" "G" "m"
\o PRE-CON "mn_s2" "S" "y2"
\o PRE-INST "mn_s1" master="smic18mmrf"/"n18":"symbol" model="n18"
\o PRE-CON "mn_s1" "D" "y2"
\o PRE-CON "mn_s1" "B" "vss"
\o PRE-CON "mn_s1" "G" "clk"
\o PRE-CON "mn_s1" "S" "vss"
\o PRE-INST "mn_k2" master="smic18mmrf"/"n18":"symbol" model="n18"
\o PRE-CON "mn_k2" "D" "m"
\o PRE-CON "mn_k2" "B" "vss"
\o PRE-CON "mn_k2" "G" "mb"
\o PRE-CON "mn_k2" "S" "vss"
\o PRE-INST "mn_k1" master="smic18mmrf"/"n18":"symbol" model="n18"
\o PRE-CON "mn_k1" "D" "mb"
\o PRE-CON "mn_k1" "B" "vss"
\o PRE-CON "mn_k1" "G" "m"
\o PRE-CON "mn_k1" "S" "vss"
\o PRE-INST "mn_m2" master="smic18mmrf"/"n18":"symbol" model="n18"
\o PRE-CON "mn_m2" "D" "m"
\o PRE-CON "mn_m2" "B" "vss"
\o PRE-CON "mn_m2" "G" "d"
\o PRE-CON "mn_m2" "S" "x2"
\o PRE-INST "mn_m1" master="smic18mmrf"/"n18":"symbol" model="n18"
\o PRE-CON "mn_m1" "D" "x2"
\o PRE-CON "mn_m1" "B" "vss"
\o PRE-CON "mn_m1" "G" "clkb"
\o PRE-CON "mn_m1" "S" "vss"
\o PRE-INST "mn_c" master="smic18mmrf"/"n18":"symbol" model="n18"
\o PRE-CON "mn_c" "D" "clkb"
\o PRE-CON "mn_c" "B" "vss"
\o PRE-CON "mn_c" "G" "clk"
\o PRE-CON "mn_c" "S" "vss"
\o PRE-INST "PIN0" master="basic"/"iopin":"symbol" model=nil
\o PRE-NET "clk" instTermCount=4
\o PRE-NET "vss" instTermCount=16
\o PRE-NET "vdd" instTermCount=16
\o PRE-NET "x1" instTermCount=2
\o PRE-NET "mb" instTermCount=4
\o PRE-NET "q" instTermCount=6
\o PRE-NET "m" instTermCount=8
\o PRE-NET "d" instTermCount=2
\o PRE-NET "x2" instTermCount=2
\o PRE-NET "y2" instTermCount=2
\o PRE-NET "y1" instTermCount=2
\o PRE-NET "gnd!" instTermCount=0
\o PRE-NET "clkb" instTermCount=4
\o PRE-NET "qbar" instTermCount=4
\o RB-CHECK-RESULT t
\o Loading schematic.cxt 
\o Loading lx.cxt 
\o Loading lce.cxt 
\o Loading le.cxt 
\o Loading rte.cxt 
\o RB-SAVE-RESULT t
\o RB-CLOSED-AFTER-SAVE
\o RB-REOPENED-READ-ONLY
\o POST-SUMMARY instances=(19) nets=(14) terms=(0) shapes=(208)
\o POST-INST "mp_k4" master="smic18mmrf"/"p18":"symbol" model="p18"
\o POST-CON "mp_k4" "D" "q"
\o POST-CON "mp_k4" "B" "vdd"
\o POST-CON "mp_k4" "G" "qbar"
\o POST-CON "mp_k4" "S" "vdd"
\o POST-INST "mp_k3" master="smic18mmrf"/"p18":"symbol" model="p18"
\o POST-CON "mp_k3" "D" "qbar"
\o POST-CON "mp_k3" "B" "vdd"
\o POST-CON "mp_k3" "G" "q"
\o POST-CON "mp_k3" "S" "vdd"
\o POST-INST "mp_s2" master="smic18mmrf"/"p18":"symbol" model="p18"
\o POST-CON "mp_s2" "D" "q"
\o POST-CON "mp_s2" "B" "vdd"
\o POST-CON "mp_s2" "G" "m"
\o POST-CON "mp_s2" "S" "y1"
\o POST-INST "mp_s1" master="smic18mmrf"/"p18":"symbol" model="p18"
\o POST-CON "mp_s1" "D" "y1"
\o POST-CON "mp_s1" "B" "vdd"
\o POST-CON "mp_s1" "G" "clkb"
\o POST-CON "mp_s1" "S" "vdd"
\o POST-INST "mp_k2" master="smic18mmrf"/"p18":"symbol" model="p18"
\o POST-CON "mp_k2" "D" "m"
\o POST-CON "mp_k2" "B" "vdd"
\o POST-CON "mp_k2" "G" "mb"
\o POST-CON "mp_k2" "S" "vdd"
\o POST-INST "mp_k1" master="smic18mmrf"/"p18":"symbol" model="p18"
\o POST-CON "mp_k1" "D" "mb"
\o POST-CON "mp_k1" "B" "vdd"
\o POST-CON "mp_k1" "G" "m"
\o POST-CON "mp_k1" "S" "vdd"
\o POST-INST "mp_m2" master="smic18mmrf"/"p18":"symbol" model="p18"
\o POST-CON "mp_m2" "D" "m"
\o POST-CON "mp_m2" "B" "vdd"
\o POST-CON "mp_m2" "G" "d"
\o POST-CON "mp_m2" "S" "x1"
\o POST-INST "mp_m1" master="smic18mmrf"/"p18":"symbol" model="p18"
\o POST-CON "mp_m1" "D" "x1"
\o POST-CON "mp_m1" "B" "vdd"
\o POST-CON "mp_m1" "G" "clk"
\o POST-CON "mp_m1" "S" "vdd"
\o POST-INST "mp_c" master="smic18mmrf"/"p18":"symbol" model="p18"
\o POST-CON "mp_c" "D" "clkb"
\o POST-CON "mp_c" "B" "vdd"
\o POST-CON "mp_c" "G" "clk"
\o POST-CON "mp_c" "S" "vdd"
\o POST-INST "mn_k4" master="smic18mmrf"/"n18":"symbol" model="n18"
\o POST-CON "mn_k4" "D" "q"
\o POST-CON "mn_k4" "B" "vss"
\o POST-CON "mn_k4" "G" "qbar"
\o POST-CON "mn_k4" "S" "vss"
\o POST-INST "mn_k3" master="smic18mmrf"/"n18":"symbol" model="n18"
\o POST-CON "mn_k3" "D" "qbar"
\o POST-CON "mn_k3" "B" "vss"
\o POST-CON "mn_k3" "G" "q"
\o POST-CON "mn_k3" "S" "vss"
\o POST-INST "mn_s2" master="smic18mmrf"/"n18":"symbol" model="n18"
\o POST-CON "mn_s2" "D" "q"
\o POST-CON "mn_s2" "B" "vss"
\o POST-CON "mn_s2" "G" "m"
\o POST-CON "mn_s2" "S" "y2"
\o POST-INST "mn_s1" master="smic18mmrf"/"n18":"symbol" model="n18"
\o POST-CON "mn_s1" "D" "y2"
\o POST-CON "mn_s1" "B" "vss"
\o POST-CON "mn_s1" "G" "clk"
\o POST-CON "mn_s1" "S" "vss"
\o POST-INST "mn_k2" master="smic18mmrf"/"n18":"symbol" model="n18"
\o POST-CON "mn_k2" "D" "m"
\o POST-CON "mn_k2" "B" "vss"
\o POST-CON "mn_k2" "G" "mb"
\o POST-CON "mn_k2" "S" "vss"
\o POST-INST "mn_k1" master="smic18mmrf"/"n18":"symbol" model="n18"
\o POST-CON "mn_k1" "D" "mb"
\o POST-CON "mn_k1" "B" "vss"
\o POST-CON "mn_k1" "G" "m"
\o POST-CON "mn_k1" "S" "vss"
\o POST-INST "mn_m2" master="smic18mmrf"/"n18":"symbol" model="n18"
\o POST-CON "mn_m2" "D" "m"
\o POST-CON "mn_m2" "B" "vss"
\o POST-CON "mn_m2" "G" "d"
\o POST-CON "mn_m2" "S" "x2"
\o POST-INST "mn_m1" master="smic18mmrf"/"n18":"symbol" model="n18"
\o POST-CON "mn_m1" "D" "x2"
\o POST-CON "mn_m1" "B" "vss"
\o POST-CON "mn_m1" "G" "clkb"
\o POST-CON "mn_m1" "S" "vss"
\o POST-INST "mn_c" master="smic18mmrf"/"n18":"symbol" model="n18"
\o POST-CON "mn_c" "D" "clkb"
\o POST-CON "mn_c" "B" "vss"
\o POST-CON "mn_c" "G" "clk"
\o POST-CON "mn_c" "S" "vss"
\o POST-INST "PIN0" master="basic"/"iopin":"symbol" model=nil
\o POST-NET "clk" instTermCount=4
\o POST-NET "vss" instTermCount=16
\o POST-NET "vdd" instTermCount=16
\o POST-NET "x1" instTermCount=2
\o POST-NET "mb" instTermCount=4
\o POST-NET "q" instTermCount=6
\o POST-NET "m" instTermCount=8
\o POST-NET "d" instTermCount=2
\o POST-NET "x2" instTermCount=2
\o POST-NET "y2" instTermCount=2
\o POST-NET "y1" instTermCount=2
\o POST-NET "gnd!" instTermCount=0
\o POST-NET "clkb" instTermCount=4
\o POST-NET "qbar" instTermCount=4
\o RB-REOPEN-FAILED
\o RB_DONE
\o 
\# Memory report: on exit            345 MB, process size 1,167 MB at UTC 2026.10.08 14:04:08.031
\# Memory report: peak usage         345 MB, process size 1,167 MB
