\# Program start time UTC 2026.10.08 15:23:14.530
\# Local time Thursday 8 October 2026, 11:23 pm
\o Program:		@(#)$CDS: virtuoso version 6.1.7-64b 11/09/2015 12:45 (sjfnl165) $
\o Hierarchy:		/opt/IC617/tools.lnx86/dfII/
\o Sub version:		sub-version  IC6.1.7-64b.78  (64-bit addresses)
\# Command line:	/opt/IC617/tools/dfII/bin/64bit/virtuoso -nograph -log /root/microled_ai_project/cadence_work/logs/sch_nograph_20261008_232310.log
\# Host name (type):	work-eda (x86_64)
\# Operating system:	Linux 2.6.32-431.el6.x86_64 #1 SMP Sun Nov 10 22:19:54 EST 2013
\# Linux /etc/issue:	Red Hat Enterprise Linux Server release 6.5 (Santiago)
\# Linux /etc/issue:	Kernel \r on an \m
\# X display name (WxH):	work-eda:80 (1024x868)
\# Available geometry:			TL(0:0) BR(1023:867)
\# X server:			RealVNC Ltd (VNC nograph server, PID 51825)
\# Depth of Visual (Root):	16 (16)
\# Number of Planes Used:	16
\# X version:		11.0 (vendor release 3370)
\# X resource pool:	base 0x800000, mask 0x3fffff (4194303), shift 0
\# 			current id 0x0, current max 0x3ffffa (4194298)
\# Max data seg size:	     unlimited
\# Max process size:	     unlimited
\# Initial sbrk value:	        364 MB
\# Available memory:	      8,114 MB
\# System memory:	     11,866 MB
\# Maximum memory size:	     11,582 MB
\# Max mem available:	      8,194 MB
\# Initial memory used:	         80 MB
\#        process size:	        873 MB
\# Qt version:		4.8.5
\# Window Manager:	other
\# User Name:		root
\o Working Directory:	work-eda:/root/microled_ai_project/cadence_work
\# Process Id:		51704
\o 
\o COPYRIGHT © 1992-2015  CADENCE DESIGN SYSTEMS INC.  ALL RIGHTS RESERVED.
\o           © 1992-2015  UNIX SYSTEMS Laboratories INC.,
\o                          Reproduced with permission.
\o 
\o This Cadence Design Systems program and online documentation are
\o proprietary/confidential information and may be disclosed/used only
\o as authorized in a license agreement controlling such use and disclosure.
\o 
\o           RESTRICTED RIGHTS NOTICE (SHORT FORM)
\o Use/reproduction/disclosure is subject to restriction
\o set forth at FAR 1252.227-19 or its equivalent.
\o Loading geView.cxt 
\o Loading menuBuilder.cxt 
\o Loading schView.cxt 
\o Loading selectSv.cxt 
\o Loading wireEdit.cxt 
\o Loading pte2.cxt 
\o Loading xlUI.cxt 
\o Loading auCore.cxt 
\o Loading vhdl.cxt 
\o Loading seismic.cxt 
\o Loading ci.cxt 
\o Loading ams.cxt 
\o Virtuoso Framework License (111) was checked out successfully. Total checkout time was 0.03s.
\o END OF SITE CUSTOMIZATION
\o Loading $HOME/.cdsinit init file from the site init file.
\o PA-BEGIN
\o PA-FN cdfGetInstCDF => lambda:cdfGetInstCDF
\o PA-FN cdfGetObjParam => nil
\o PA-FN cdfGetParamValue => nil
\o PA-FN cdfSetParamValue => nil
\o PA-FN pcxDisplayParams => nil
\o PA-FN dbGetParamList => nil
\o PA-FN dbGetParamValue => nil
\o PA-FN dbSetParamValue => nil
\o PA-FN dbEvalParamCell => lambda:dbEvalParamCell
\o PA-FN dbCheckParamCell => lambda:dbCheckParamCell
\o PA-FN dbIsNonSKILLPcell => lambda:dbIsNonSKILLPcell
\o PA-FN dbGetCellProperties => nil
\o PA-FN dbPropList => nil
\o PA-FN schCheck => nil
\o PA-FN hiCheckAndSave => nil
\o PA-FN asiNetlist => nil
\o Loading smic18mmrf/libInit.il ...
\o 	Loading smic18mmrf/loadCxt.ile ... done!
\o 	Loading context 'smic18mmrf' from library 'smic18mmrf' ... done!
\o 	Loading context 'pdkUtils' from library 'smic18mmrf' ... done!
\o 	Loading smic18mmrf/display.drf ... done!
\o 	Loading smic18mmrf/libInitCktPro.il ... done!
\o 	Loading smic18mmrf/libInitCustomExit.il ... Loading libInitCustomExit.il for smic18mmrf
\# Memory report: using         234 MB, process size 1,056 MB at UTC 2026.10.08 15:23:15.067
\o Loading oasis.cxt 
\o Loading analog.cxt 
\o Loading asimenv.cxt 
\o Loading spectrei.cxt 
\o Loading devCheck.cxt 
\o Loading relXpert.cxt 
\o Loading hspiceD.cxt 
\o Loading spectreinl.cxt 
\o Loading UltraSim.cxt 
\o Loading msgHandler.cxt 
\o Loading AMSOSS.cxt 
\o Loading AMS.cxt 
\o done!
\o Loaded smic18mmrf/libInit.il successfully!
\o Loading smic skill utility
\o /root/microled_ai_project/pdk/smic18mmrf_teacher/smic18mmrf/../SMIC18MMRF_skillUtility/batchSetCDF.ile
\o /root/microled_ai_project/pdk/smic18mmrf_teacher/smic18mmrf/../SMIC18MMRF_skillUtility/libNumcheck.ile
\o Loading emxskill
\o file="/license.ils"loadfile="/root/microled_ai_project/pdk/smic18mmrf_teacher/smic18mmrf/../emxkit/emxskill/license.ils"/root/microled_ai_project/pdk/smic18mmrf_teacher/smic18mmrf/../emxkit/emxskill/license.ils
\o file="/continuum.ils"loadfile="/root/microled_ai_project/pdk/smic18mmrf_teacher/smic18mmrf/../emxkit/emxskill/continuum.ils"/root/microled_ai_project/pdk/smic18mmrf_teacher/smic18mmrf/../emxkit/emxskill/continuum.ils
\o file="/continuumgui.ils"loadfile="/root/microled_ai_project/pdk/smic18mmrf_teacher/smic18mmrf/../emxkit/emxskill/continuumgui.ils"/root/microled_ai_project/pdk/smic18mmrf_teacher/smic18mmrf/../emxkit/emxskill/continuumgui.ils
\o file="/callbacks.ils"loadfile="/root/microled_ai_project/pdk/smic18mmrf_teacher/smic18mmrf/../emxkit/emxskill/callbacks.ils"/root/microled_ai_project/pdk/smic18mmrf_teacher/smic18mmrf/../emxkit/emxskill/callbacks.ils
\o file="/../models/diff_ind_3t_rf_psub_18MTE_scalable.ils"loadfile="/root/microled_ai_project/pdk/smic18mmrf_teacher/smic18mmrf/../emxkit/emxskill/../models/diff_ind_3t_rf_psub_18MTE_scalable.ils"/root/microled_ai_project/pdk/smic18mmrf_teacher/smic18mmrf/../emxkit/emxskill/../models/diff_ind_3t_rf_psub_18MTE_scalable.ils
\o file="/../models/diff_ind_rf_psub_18MTE_scalable.ils"loadfile="/root/microled_ai_project/pdk/smic18mmrf_teacher/smic18mmrf/../emxkit/emxskill/../models/diff_ind_rf_psub_18MTE_scalable.ils"/root/microled_ai_project/pdk/smic18mmrf_teacher/smic18mmrf/../emxkit/emxskill/../models/diff_ind_rf_psub_18MTE_scalable.ils
\o file="/../models/ind_rf_psub_scalable.ils"loadfile="/root/microled_ai_project/pdk/smic18mmrf_teacher/smic18mmrf/../emxkit/emxskill/../models/ind_rf_psub_scalable.ils"/root/microled_ai_project/pdk/smic18mmrf_teacher/smic18mmrf/../emxkit/emxskill/../models/ind_rf_psub_scalable.ils
\o PA-CELL "microled_cells"/"c2mos_dff_1bit" instances=24 nets=13
\o PA-INST "mn_c" why="operator_named" master="smic18mmrf"/"n18":"symbol" model="n18" objType="cellView"
\o PA-MASTER-ISCALLED nil
\o PA-MASTER-VIEW-PARAMETERS nil
\o PA-MASTER-CELL-PARAMETERS nil
\o PA-INST-PARAMETERS nil
\o PA-INST-PROPLIST nil
\o PA-INST-OBJTYPE "inst"
\o PA-INST-BBOX ((7.575 8.0125) (8.8 8.65625))
\o PA-INST-CDF cdf:0x0x20cd40c0
\o PA-PROP "mn_c" "l" value="ln" type=nil
\o PA-PROP "mn_c" "w" value="ABSENT" type="ABSENT"
\o PA-PROP "mn_c" "fw" value="ABSENT" type="ABSENT"
\o PA-PROP "mn_c" "wf" value="ABSENT" type="ABSENT"
\o PA-PROP "mn_c" "Wfg" value="ABSENT" type="ABSENT"
\o PA-PROP "mn_c" "fingers" value="ABSENT" type="ABSENT"
\o PA-PROP "mn_c" "m" value="ABSENT" type="ABSENT"
\o PA-PROP "mn_c" "mult" value="ABSENT" type="ABSENT"
\o PA-PROP "mn_c" "model" value="n18" type=nil
\o PA-PROP "mn_c" "simW" value="wc" type=nil
\o PA-PROP "mn_c" "simL" value="ABSENT" type="ABSENT"
\o PA-PROP "mn_c" "area" value="ABSENT" type="ABSENT"
\o PA-PROP "mn_c" "periphery" value="ABSENT" type="ABSENT"
\o PA-PROP "mn_c" "as" value="ABSENT" type="ABSENT"
\o PA-PROP "mn_c" "ad" value="ABSENT" type="ABSENT"
\o PA-PROP "mn_c" "ps" value="ABSENT" type="ABSENT"
\o PA-PROP "mn_c" "nws" value="ABSENT" type="ABSENT"
\o PA-PROP "mn_c" "nwelltap" value="ABSENT" type="ABSENT"
\o PA-INST "mn_k2" why="operator_named" master="smic18mmrf"/"n18":"symbol" model="n18" objType="cellView"
\o PA-MASTER-ISCALLED nil
\o PA-MASTER-VIEW-PARAMETERS nil
\o PA-MASTER-CELL-PARAMETERS nil
\o PA-INST-PARAMETERS nil
\o PA-INST-PROPLIST nil
\o PA-INST-OBJTYPE "inst"
\o PA-INST-BBOX ((4.2 1.5125) (5.425 2.15625))
\o PA-INST-CDF cdf:0x0x20cd40e8
\o PA-PROP "mn_k2" "l" value="ln" type=nil
\o PA-PROP "mn_k2" "w" value="ABSENT" type="ABSENT"
\o PA-PROP "mn_k2" "fw" value="ABSENT" type="ABSENT"
\o PA-PROP "mn_k2" "wf" value="ABSENT" type="ABSENT"
\o PA-PROP "mn_k2" "Wfg" value="ABSENT" type="ABSENT"
\o PA-PROP "mn_k2" "fingers" value="ABSENT" type="ABSENT"
\o PA-PROP "mn_k2" "m" value="ABSENT" type="ABSENT"
\o PA-PROP "mn_k2" "mult" value="ABSENT" type="ABSENT"
\o PA-PROP "mn_k2" "model" value="n18" type=nil
\o PA-PROP "mn_k2" "simW" value="wk" type=nil
\o PA-PROP "mn_k2" "simL" value="ABSENT" type="ABSENT"
\o PA-PROP "mn_k2" "area" value="ABSENT" type="ABSENT"
\o PA-PROP "mn_k2" "periphery" value="ABSENT" type="ABSENT"
\o PA-PROP "mn_k2" "as" value="ABSENT" type="ABSENT"
\o PA-PROP "mn_k2" "ad" value="ABSENT" type="ABSENT"
\o PA-PROP "mn_k2" "ps" value="ABSENT" type="ABSENT"
\o PA-PROP "mn_k2" "nws" value="ABSENT" type="ABSENT"
\o PA-PROP "mn_k2" "nwelltap" value="ABSENT" type="ABSENT"
\o PA-INST "mp_c" why="operator_named" master="smic18mmrf"/"p18":"symbol" model="p18" objType="cellView"
\o PA-MASTER-ISCALLED nil
\o PA-MASTER-VIEW-PARAMETERS nil
\o PA-MASTER-CELL-PARAMETERS nil
\o PA-INST-PARAMETERS nil
\o PA-INST-PROPLIST nil
\o PA-INST-OBJTYPE "inst"
\o PA-INST-BBOX ((7.575 9.3875) (8.8 10.03125))
\o PA-INST-CDF cdf:0x0x20cd4160
\o PA-PROP "mp_c" "l" value="ln" type=nil
\o PA-PROP "mp_c" "w" value="ABSENT" type="ABSENT"
\o PA-PROP "mp_c" "fw" value="ABSENT" type="ABSENT"
\o PA-PROP "mp_c" "wf" value="ABSENT" type="ABSENT"
\o PA-PROP "mp_c" "Wfg" value="ABSENT" type="ABSENT"
\o PA-PROP "mp_c" "fingers" value="ABSENT" type="ABSENT"
\o PA-PROP "mp_c" "m" value="ABSENT" type="ABSENT"
\o PA-PROP "mp_c" "mult" value="ABSENT" type="ABSENT"
\o PA-PROP "mp_c" "model" value="p18" type=nil
\o PA-PROP "mp_c" "simW" value="wcp" type=nil
\o PA-PROP "mp_c" "simL" value="ABSENT" type="ABSENT"
\o PA-PROP "mp_c" "area" value="ABSENT" type="ABSENT"
\o PA-PROP "mp_c" "periphery" value="ABSENT" type="ABSENT"
\o PA-PROP "mp_c" "as" value="ABSENT" type="ABSENT"
\o PA-PROP "mp_c" "ad" value="ABSENT" type="ABSENT"
\o PA-PROP "mp_c" "ps" value="ABSENT" type="ABSENT"
\o PA-PROP "mp_c" "nws" value="ABSENT" type="ABSENT"
\o PA-PROP "mp_c" "nwelltap" value="ABSENT" type="ABSENT"
\o PA-INST "mp_k2" why="operator_named" master="smic18mmrf"/"p18":"symbol" model="p18" objType="cellView"
\o PA-MASTER-ISCALLED nil
\o PA-MASTER-VIEW-PARAMETERS nil
\o PA-MASTER-CELL-PARAMETERS nil
\o PA-INST-PARAMETERS nil
\o PA-INST-PROPLIST nil
\o PA-INST-OBJTYPE "inst"
\o PA-INST-BBOX ((4.2 9.3875) (5.425 10.03125))
\o PA-INST-CDF cdf:0x0x20cd4188
\o PA-PROP "mp_k2" "l" value="ln" type=nil
\o PA-PROP "mp_k2" "w" value="ABSENT" type="ABSENT"
\o PA-PROP "mp_k2" "fw" value="ABSENT" type="ABSENT"
\o PA-PROP "mp_k2" "wf" value="ABSENT" type="ABSENT"
\o PA-PROP "mp_k2" "Wfg" value="ABSENT" type="ABSENT"
\o PA-PROP "mp_k2" "fingers" value="ABSENT" type="ABSENT"
\o PA-PROP "mp_k2" "m" value="ABSENT" type="ABSENT"
\o PA-PROP "mp_k2" "mult" value="ABSENT" type="ABSENT"
\o PA-PROP "mp_k2" "model" value="p18" type=nil
\o PA-PROP "mp_k2" "simW" value="wkp" type=nil
\o PA-PROP "mp_k2" "simL" value="ABSENT" type="ABSENT"
\o PA-PROP "mp_k2" "area" value="ABSENT" type="ABSENT"
\o PA-PROP "mp_k2" "periphery" value="ABSENT" type="ABSENT"
\o PA-PROP "mp_k2" "as" value="ABSENT" type="ABSENT"
\o PA-PROP "mp_k2" "ad" value="ABSENT" type="ABSENT"
\o PA-PROP "mp_k2" "ps" value="ABSENT" type="ABSENT"
\o PA-PROP "mp_k2" "nws" value="ABSENT" type="ABSENT"
\o PA-PROP "mp_k2" "nwelltap" value="ABSENT" type="ABSENT"
\o PA-FULL-SWEEP-BEGIN
\o PA-SWEEP "mp_k4" "p18" "ln" "wkp"
\o PA-SWEEP "mp_k3" "p18" "ln" "wkp"
\o PA-SWEEP "mp_s2" "p18" "ln" "wcp"
\o PA-SWEEP "mp_s1" "p18" "ln" "wcp"
\o PA-SWEEP "mp_k2" "p18" "ln" "wkp"
\o PA-SWEEP "mp_k1" "p18" "ln" "wkp"
\o PA-SWEEP "mp_m2" "p18" "ln" "wcp"
\o PA-SWEEP "mp_m1" "p18" "ln" "wcp"
\o PA-SWEEP "mp_c" "p18" "ln" "wcp"
\o PA-SWEEP "mn_k4" "n18" "ln" "wk"
\o PA-SWEEP "mn_k3" "n18" "ln" "wk"
\o PA-SWEEP "mn_s2" "n18" "ln" "wc"
\o PA-SWEEP "mn_s1" "n18" "ln" "wc"
\o PA-SWEEP "mn_k2" "n18" "ln" "wk"
\o PA-SWEEP "mn_k1" "n18" "ln" "wk"
\o PA-SWEEP "mn_m2" "n18" "ln" "wc"
\o PA-SWEEP "mn_m1" "n18" "ln" "wc"
\o PA-SWEEP "mn_c" "n18" "ln" "wc"
\o PA-FULL-SWEEP-END
\o PA_DONE
\o 
\o Loading lce.cxt 
\# Memory report: on exit            330 MB, process size 1,152 MB at UTC 2026.10.08 15:23:15.624
\# Memory report: peak usage         330 MB, process size 1,152 MB
