\# Program start time UTC 2026.10.08 15:29:17.499
\# Local time Thursday 8 October 2026, 11:29 pm
\o Program:		@(#)$CDS: virtuoso version 6.1.7-64b 11/09/2015 12:45 (sjfnl165) $
\o Hierarchy:		/opt/IC617/tools.lnx86/dfII/
\o Sub version:		sub-version  IC6.1.7-64b.78  (64-bit addresses)
\# Command line:	/opt/IC617/tools/dfII/bin/64bit/virtuoso -nograph -log /root/microled_ai_project/cadence_work/logs/sch_nograph_20261008_232913.log
\# Host name (type):	work-eda (x86_64)
\# Operating system:	Linux 2.6.32-431.el6.x86_64 #1 SMP Sun Nov 10 22:19:54 EST 2013
\# Linux /etc/issue:	Red Hat Enterprise Linux Server release 6.5 (Santiago)
\# Linux /etc/issue:	Kernel \r on an \m
\# X display name (WxH):	work-eda:80 (1024x868)
\# Available geometry:			TL(0:0) BR(1023:867)
\# X server:			RealVNC Ltd (VNC nograph server, PID 53901)
\# Depth of Visual (Root):	16 (16)
\# Number of Planes Used:	16
\# X version:		11.0 (vendor release 3370)
\# X resource pool:	base 0x800000, mask 0x3fffff (4194303), shift 0
\# 			current id 0x0, current max 0x3ffffa (4194298)
\# Max data seg size:	     unlimited
\# Max process size:	     unlimited
\# Initial sbrk value:	        353 MB
\# Available memory:	      8,102 MB
\# System memory:	     11,866 MB
\# Maximum memory size:	     11,593 MB
\# Max mem available:	      8,182 MB
\# Initial memory used:	         80 MB
\#        process size:	        873 MB
\# Qt version:		4.8.5
\# Window Manager:	other
\# User Name:		root
\o Working Directory:	work-eda:/root/microled_ai_project/cadence_work
\# Process Id:		53780
\o 
\o COPYRIGHT © 1992-2015  CADENCE DESIGN SYSTEMS INC.  ALL RIGHTS RESERVED.
\o           © 1992-2015  UNIX SYSTEMS Laboratories INC.,
\o                          Reproduced with permission.
\o 
\o This Cadence Design Systems program and online documentation are
\o proprietary/confidential information and may be disclosed/used only
\o as authorized in a license agreement controlling such use and disclosure.
\o 
\o           RESTRICTED RIGHTS NOTICE (SHORT FORM)
\o Use/reproduction/disclosure is subject to restriction
\o set forth at FAR 1252.227-19 or its equivalent.
\o Loading geView.cxt 
\o Loading menuBuilder.cxt 
\o Loading schView.cxt 
\o Loading selectSv.cxt 
\o Loading wireEdit.cxt 
\o Loading pte2.cxt 
\o Loading xlUI.cxt 
\o Loading auCore.cxt 
\o Loading vhdl.cxt 
\o Loading seismic.cxt 
\o Loading ci.cxt 
\o Loading ams.cxt 
\o Virtuoso Framework License (111) was checked out successfully. Total checkout time was 0.04s.
\o END OF SITE CUSTOMIZATION
\o Loading $HOME/.cdsinit init file from the site init file.
\o CF-BEGIN
\o Loading smic18mmrf/libInit.il ...
\o 	Loading smic18mmrf/loadCxt.ile ... done!
\o 	Loading context 'smic18mmrf' from library 'smic18mmrf' ... done!
\o 	Loading context 'pdkUtils' from library 'smic18mmrf' ... done!
\o 	Loading smic18mmrf/display.drf ... done!
\o 	Loading smic18mmrf/libInitCktPro.il ... done!
\o 	Loading smic18mmrf/libInitCustomExit.il ... Loading libInitCustomExit.il for smic18mmrf
\o Loading oasis.cxt 
\o Loading analog.cxt 
\# Memory report: using         245 MB, process size 1,067 MB at UTC 2026.10.08 15:29:18.047
\o Loading asimenv.cxt 
\o Loading spectrei.cxt 
\o Loading devCheck.cxt 
\o Loading relXpert.cxt 
\o Loading hspiceD.cxt 
\o Loading spectreinl.cxt 
\o Loading UltraSim.cxt 
\o Loading msgHandler.cxt 
\o Loading AMSOSS.cxt 
\o Loading AMS.cxt 
\o done!
\o Loaded smic18mmrf/libInit.il successfully!
\o Loading smic skill utility
\o /root/microled_ai_project/pdk/smic18mmrf_teacher/smic18mmrf/../SMIC18MMRF_skillUtility/batchSetCDF.ile
\o /root/microled_ai_project/pdk/smic18mmrf_teacher/smic18mmrf/../SMIC18MMRF_skillUtility/libNumcheck.ile
\o Loading emxskill
\o file="/license.ils"loadfile="/root/microled_ai_project/pdk/smic18mmrf_teacher/smic18mmrf/../emxkit/emxskill/license.ils"/root/microled_ai_project/pdk/smic18mmrf_teacher/smic18mmrf/../emxkit/emxskill/license.ils
\o file="/continuum.ils"loadfile="/root/microled_ai_project/pdk/smic18mmrf_teacher/smic18mmrf/../emxkit/emxskill/continuum.ils"/root/microled_ai_project/pdk/smic18mmrf_teacher/smic18mmrf/../emxkit/emxskill/continuum.ils
\o file="/continuumgui.ils"loadfile="/root/microled_ai_project/pdk/smic18mmrf_teacher/smic18mmrf/../emxkit/emxskill/continuumgui.ils"/root/microled_ai_project/pdk/smic18mmrf_teacher/smic18mmrf/../emxkit/emxskill/continuumgui.ils
\o file="/callbacks.ils"loadfile="/root/microled_ai_project/pdk/smic18mmrf_teacher/smic18mmrf/../emxkit/emxskill/callbacks.ils"/root/microled_ai_project/pdk/smic18mmrf_teacher/smic18mmrf/../emxkit/emxskill/callbacks.ils
\o file="/../models/diff_ind_3t_rf_psub_18MTE_scalable.ils"loadfile="/root/microled_ai_project/pdk/smic18mmrf_teacher/smic18mmrf/../emxkit/emxskill/../models/diff_ind_3t_rf_psub_18MTE_scalable.ils"/root/microled_ai_project/pdk/smic18mmrf_teacher/smic18mmrf/../emxkit/emxskill/../models/diff_ind_3t_rf_psub_18MTE_scalable.ils
\o file="/../models/diff_ind_rf_psub_18MTE_scalable.ils"loadfile="/root/microled_ai_project/pdk/smic18mmrf_teacher/smic18mmrf/../emxkit/emxskill/../models/diff_ind_rf_psub_18MTE_scalable.ils"/root/microled_ai_project/pdk/smic18mmrf_teacher/smic18mmrf/../emxkit/emxskill/../models/diff_ind_rf_psub_18MTE_scalable.ils
\o file="/../models/ind_rf_psub_scalable.ils"loadfile="/root/microled_ai_project/pdk/smic18mmrf_teacher/smic18mmrf/../emxkit/emxskill/../models/ind_rf_psub_scalable.ils"/root/microled_ai_project/pdk/smic18mmrf_teacher/smic18mmrf/../emxkit/emxskill/../models/ind_rf_psub_scalable.ils
\o CF-OBJECTS sym=db:0x164ce29a base=cdf:0x0x200ca098 eff=cdf:0x0x200ca070
\o CF-P "BASE" "l" found="yes" name="l" type="baseCellData" units="lengthMetric" default=nil value="180n" form=nil prompt="Length"
\o CF-P "BASE" "w" found="yes" name="w" type="baseCellData" units="lengthMetric" default=nil value="220n" form=nil prompt="Total Width"
\o CF-P "BASE" "fw" found="yes" name="fw" type="baseCellData" units="lengthMetric" default=nil value="220n" form=nil prompt="Finger Width"
\o CF-P "BASE" "m" found="yes" name="m" type="baseCellData" units=nil default=nil value="1" form=nil prompt="Multiplier"
\o CF-P "BASE" "fingers" found="yes" name="fingers" type="baseCellData" units=nil default=nil value="1" form=nil prompt="Fingers"
\o CF-P "BASE" "model" found="yes" name="model" type="baseCellData" units=nil default=nil value="n18" form=nil prompt="Model Name"
\o CF-P "EFFECTIVE" "l" found="yes" name="l" type="cellData" units="lengthMetric" default=nil value="180n" form=nil prompt="Length"
\o CF-P "EFFECTIVE" "w" found="yes" name="w" type="cellData" units="lengthMetric" default=nil value="220n" form=nil prompt="Total Width"
\o CF-P "EFFECTIVE" "fw" found="yes" name="fw" type="cellData" units="lengthMetric" default=nil value="220n" form=nil prompt="Finger Width"
\o CF-P "EFFECTIVE" "m" found="yes" name="m" type="cellData" units=nil default=nil value="1" form=nil prompt="Multiplier"
\o CF-P "EFFECTIVE" "fingers" found="yes" name="fingers" type="cellData" units=nil default=nil value="1" form=nil prompt="Fingers"
\o CF-P "EFFECTIVE" "model" found="yes" name="model" type="cellData" units=nil default=nil value="n18" form=nil prompt="Model Name"
\o CF-VIEW-PARAMS (nil)
\o CF-VIEW-CELL (dd:0x193391e8) objType=("cellView") viewName=("symbol")
\o CF-INST objType=("inst") name=("mp_k4") cdf=cdf:0x0x200ca110 params=(nil)
\o CF-P "INSTANCE-CDF" "l" found="yes" name="l" type="instData" units="lengthMetric" default=nil value="ln" form=nil prompt="Length"
\o CF-P "INSTANCE-CDF" "w" found="yes" name="w" type="instData" units="lengthMetric" default=nil value="220n" form=nil prompt="Total Width"
\o CF-P "INSTANCE-CDF" "fw" found="yes" name="fw" type="instData" units="lengthMetric" default=nil value="220n" form=nil prompt="Finger Width"
\o CF-P "INSTANCE-CDF" "m" found="yes" name="m" type="instData" units=nil default=nil value="1" form=nil prompt="Multiplier"
\o CF-P "INSTANCE-CDF" "fingers" found="yes" name="fingers" type="instData" units=nil default=nil value="1" form=nil prompt="Fingers"
\o CF-P "INSTANCE-CDF" "model" found="yes" name="model" type="instData" units=nil default=nil value="p18" form=nil prompt="Model Name"
\o CF_DONE
\o 
\o Loading lce.cxt 
\# Memory report: on exit            329 MB, process size 1,151 MB at UTC 2026.10.08 15:29:18.555
\# Memory report: peak usage         329 MB, process size 1,151 MB
