\# Program start time UTC 2026.10.08 17:26:02.388
\# Local time Friday 9 October 2026, 1:26 am
\o Program:		@(#)$CDS: virtuoso version 6.1.7-64b 11/09/2015 12:45 (sjfnl165) $
\o Hierarchy:		/opt/IC617/tools.lnx86/dfII/
\o Sub version:		sub-version  IC6.1.7-64b.78  (64-bit addresses)
\# Command line:	/opt/IC617/tools/dfII/bin/64bit/virtuoso -nograph -log /root/microled_ai_project/cadence_work/logs/sch_nograph_20261009_012558.log
\# Host name (type):	work-eda (x86_64)
\# Operating system:	Linux 2.6.32-431.el6.x86_64 #1 SMP Sun Nov 10 22:19:54 EST 2013
\# Linux /etc/issue:	Red Hat Enterprise Linux Server release 6.5 (Santiago)
\# Linux /etc/issue:	Kernel \r on an \m
\# X display name (WxH):	work-eda:80 (1024x868)
\# Available geometry:			TL(0:0) BR(1023:867)
\# X server:			RealVNC Ltd (VNC nograph server, PID 112501)
\# Depth of Visual (Root):	16 (16)
\# Number of Planes Used:	16
\# X version:		11.0 (vendor release 3370)
\# X resource pool:	base 0x800000, mask 0x3fffff (4194303), shift 0
\# 			current id 0x0, current max 0x3ffffa (4194298)
\# Max data seg size:	     unlimited
\# Max process size:	     unlimited
\# Initial sbrk value:	        377 MB
\# Available memory:	      8,019 MB
\# System memory:	     11,866 MB
\# Maximum memory size:	     11,569 MB
\# Max mem available:	      8,098 MB
\# Initial memory used:	         80 MB
\#        process size:	        873 MB
\# Qt version:		4.8.5
\# Window Manager:	other
\# User Name:		root
\o Working Directory:	work-eda:/root/microled_ai_project/cadence_work
\# Process Id:		112380
\o 
\o COPYRIGHT © 1992-2015  CADENCE DESIGN SYSTEMS INC.  ALL RIGHTS RESERVED.
\o           © 1992-2015  UNIX SYSTEMS Laboratories INC.,
\o                          Reproduced with permission.
\o 
\o This Cadence Design Systems program and online documentation are
\o proprietary/confidential information and may be disclosed/used only
\o as authorized in a license agreement controlling such use and disclosure.
\o 
\o           RESTRICTED RIGHTS NOTICE (SHORT FORM)
\o Use/reproduction/disclosure is subject to restriction
\o set forth at FAR 1252.227-19 or its equivalent.
\o Loading geView.cxt 
\o Loading menuBuilder.cxt 
\o Loading schView.cxt 
\o Loading selectSv.cxt 
\o Loading wireEdit.cxt 
\o Loading pte2.cxt 
\o Loading xlUI.cxt 
\o Loading auCore.cxt 
\o Loading vhdl.cxt 
\o Loading seismic.cxt 
\o Loading ci.cxt 
\o Loading ams.cxt 
\o Virtuoso Framework License (111) was checked out successfully. Total checkout time was 0.03s.
\o END OF SITE CUSTOMIZATION
\o Loading $HOME/.cdsinit init file from the site init file.
\o DC3-BEGIN
\o DC3-API schCheck=nil schCreate=nil schCreateWire=nil dbCheck=lambda:dbCheck dbSave=lambda:dbSave hiCheckAndSave=nil
\o Loading smic18mmrf/libInit.il ...
\o 	Loading smic18mmrf/loadCxt.ile ... done!
\o 	Loading context 'smic18mmrf' from library 'smic18mmrf' ... done!
\o 	Loading context 'pdkUtils' from library 'smic18mmrf' ... done!
\o 	Loading smic18mmrf/display.drf ... done!
\o 	Loading smic18mmrf/libInitCktPro.il ... done!
\o 	Loading smic18mmrf/libInitCustomExit.il ... Loading libInitCustomExit.il for smic18mmrf
\o Loading oasis.cxt 
\o Loading analog.cxt 
\o Loading asimenv.cxt 
\o Loading spectrei.cxt 
\# Memory report: using         292 MB, process size 1,114 MB at UTC 2026.10.08 17:26:03.066
\o Loading devCheck.cxt 
\o Loading relXpert.cxt 
\o Loading hspiceD.cxt 
\o Loading spectreinl.cxt 
\o Loading UltraSim.cxt 
\o Loading msgHandler.cxt 
\o Loading AMSOSS.cxt 
\o Loading AMS.cxt 
\o done!
\o Loaded smic18mmrf/libInit.il successfully!
\o Loading smic skill utility
\o /root/microled_ai_project/pdk/smic18mmrf_teacher/smic18mmrf/../SMIC18MMRF_skillUtility/batchSetCDF.ile
\o /root/microled_ai_project/pdk/smic18mmrf_teacher/smic18mmrf/../SMIC18MMRF_skillUtility/libNumcheck.ile
\o Loading emxskill
\o file="/license.ils"loadfile="/root/microled_ai_project/pdk/smic18mmrf_teacher/smic18mmrf/../emxkit/emxskill/license.ils"/root/microled_ai_project/pdk/smic18mmrf_teacher/smic18mmrf/../emxkit/emxskill/license.ils
\o file="/continuum.ils"loadfile="/root/microled_ai_project/pdk/smic18mmrf_teacher/smic18mmrf/../emxkit/emxskill/continuum.ils"/root/microled_ai_project/pdk/smic18mmrf_teacher/smic18mmrf/../emxkit/emxskill/continuum.ils
\o file="/continuumgui.ils"loadfile="/root/microled_ai_project/pdk/smic18mmrf_teacher/smic18mmrf/../emxkit/emxskill/continuumgui.ils"/root/microled_ai_project/pdk/smic18mmrf_teacher/smic18mmrf/../emxkit/emxskill/continuumgui.ils
\o file="/callbacks.ils"loadfile="/root/microled_ai_project/pdk/smic18mmrf_teacher/smic18mmrf/../emxkit/emxskill/callbacks.ils"/root/microled_ai_project/pdk/smic18mmrf_teacher/smic18mmrf/../emxkit/emxskill/callbacks.ils
\o file="/../models/diff_ind_3t_rf_psub_18MTE_scalable.ils"loadfile="/root/microled_ai_project/pdk/smic18mmrf_teacher/smic18mmrf/../emxkit/emxskill/../models/diff_ind_3t_rf_psub_18MTE_scalable.ils"/root/microled_ai_project/pdk/smic18mmrf_teacher/smic18mmrf/../emxkit/emxskill/../models/diff_ind_3t_rf_psub_18MTE_scalable.ils
\o file="/../models/diff_ind_rf_psub_18MTE_scalable.ils"loadfile="/root/microled_ai_project/pdk/smic18mmrf_teacher/smic18mmrf/../emxkit/emxskill/../models/diff_ind_rf_psub_18MTE_scalable.ils"/root/microled_ai_project/pdk/smic18mmrf_teacher/smic18mmrf/../emxkit/emxskill/../models/diff_ind_rf_psub_18MTE_scalable.ils
\o file="/../models/ind_rf_psub_scalable.ils"loadfile="/root/microled_ai_project/pdk/smic18mmrf_teacher/smic18mmrf/../emxkit/emxskill/../models/ind_rf_psub_scalable.ils"/root/microled_ai_project/pdk/smic18mmrf_teacher/smic18mmrf/../emxkit/emxskill/../models/ind_rf_psub_scalable.ils
\o DC3-OPEN "microled_cells"/"data_sink_1ch" instances=10 nets=8 terms=0
\o DC3-DBCHECK "data_sink_1ch" => (t)
\o Loading schematic.cxt 
\o INFO (SCH-1170): Extracting "data_sink_1ch schematic"
\o Warning: Solder dot on cross over at ( 1.2500, 0.5000 ).
\o Warning: Solder dot on cross over at ( 1.8750, 1.2500 ).
\o DC3-SCHCHECK "data_sink_1ch" => ((0 2))
\o DC3-INST "data_sink_1ch" "Mpass_local" master="smic18mmrf"/"n33_dnw_4t_ckt" dirProp=nil dirArrow=nil
\o DC3-INST "data_sink_1ch" "Mout" master="smic18mmrf"/"n33" dirProp=nil dirArrow=nil
\o DC3-INST "data_sink_1ch" "Mcas" master="smic18mmrf"/"n33" dirProp=nil dirArrow=nil
\o DC3-INST "data_sink_1ch" "Mbleed_local" master="smic18mmrf"/"n33" dirProp=nil dirArrow=nil
\o DC3-INST "data_sink_1ch" "PIN5" master="basic"/"iopin" dirProp=nil dirArrow=nil
\o DC3-INST "data_sink_1ch" "PIN4" master="basic"/"iopin" dirProp=nil dirArrow=nil
\o DC3-INST "data_sink_1ch" "PIN3" master="basic"/"iopin" dirProp=nil dirArrow=nil
\o DC3-INST "data_sink_1ch" "PIN2" master="basic"/"iopin" dirProp=nil dirArrow=nil
\o DC3-INST "data_sink_1ch" "PIN1" master="basic"/"iopin" dirProp=nil dirArrow=nil
\o DC3-INST "data_sink_1ch" "PIN0" master="basic"/"iopin" dirProp=nil dirArrow=nil
\o Loading lx.cxt 
\o Loading lce.cxt 
\o Loading le.cxt 
\o Loading rte.cxt 
\o DC3-SAVE "data_sink_1ch" => (t)
\o DC3-OPEN "microled_cells"/"data_bias_ref" instances=3 nets=2 terms=0
\o DC3-DBCHECK "data_bias_ref" => (t)
\o INFO (SCH-1170): Extracting "data_bias_ref schematic"
\o DC3-SCHCHECK "data_bias_ref" => ((0 0))
\o DC3-INST "data_bias_ref" "Mref" master="smic18mmrf"/"n33" dirProp=nil dirArrow=nil
\o DC3-INST "data_bias_ref" "PIN1" master="basic"/"iopin" dirProp=nil dirArrow=nil
\o DC3-INST "data_bias_ref" "PIN0" master="basic"/"iopin" dirProp=nil dirArrow=nil
\# Available memory:          7,831 MB at UTC 2026.10.08 17:26:13.615
\# Memory report: Maximum memory size now 8,208 MB at UTC 2026.10.08 17:26:13.616
\o DC3-SAVE "data_bias_ref" => (t)
\o DC3-OPEN "microled_cells"/"data_pdk_param_smoke" instances=6 nets=4 terms=0
\o DC3-DBCHECK "data_pdk_param_smoke" => (t)
\o INFO (SCH-1170): Extracting "data_pdk_param_smoke schematic"
\o DC3-SCHCHECK "data_pdk_param_smoke" => ((0 0))
\o DC3-INST "data_pdk_param_smoke" "Msm_dnw" master="smic18mmrf"/"n33_dnw_4t_ckt" dirProp=nil dirArrow=nil
\o DC3-INST "data_pdk_param_smoke" "Msm_plain" master="smic18mmrf"/"n33" dirProp=nil dirArrow=nil
\o DC3-INST "data_pdk_param_smoke" "PIN3" master="basic"/"iopin" dirProp=nil dirArrow=nil
\o DC3-INST "data_pdk_param_smoke" "PIN2" master="basic"/"iopin" dirProp=nil dirArrow=nil
\o DC3-INST "data_pdk_param_smoke" "PIN1" master="basic"/"iopin" dirProp=nil dirArrow=nil
\o DC3-INST "data_pdk_param_smoke" "PIN0" master="basic"/"iopin" dirProp=nil dirArrow=nil
\o DC3-SAVE "data_pdk_param_smoke" => (t)
\o DC3_DONE
\o 
\# Memory report: on exit            377 MB, process size 1,199 MB at UTC 2026.10.08 17:26:13.672
\# Memory report: peak usage         377 MB, process size 1,199 MB
