\# Program start time UTC 2026.10.08 17:03:13.258
\# Local time Friday 9 October 2026, 1:03 am
\o Program:		@(#)$CDS: virtuoso version 6.1.7-64b 11/09/2015 12:45 (sjfnl165) $
\o Hierarchy:		/opt/IC617/tools.lnx86/dfII/
\o Sub version:		sub-version  IC6.1.7-64b.78  (64-bit addresses)
\# Command line:	/opt/IC617/tools/dfII/bin/64bit/virtuoso -nograph -log /root/microled_ai_project/cadence_work/logs/sch_nograph_20261009_010309.log
\# Host name (type):	work-eda (x86_64)
\# Operating system:	Linux 2.6.32-431.el6.x86_64 #1 SMP Sun Nov 10 22:19:54 EST 2013
\# Linux /etc/issue:	Red Hat Enterprise Linux Server release 6.5 (Santiago)
\# Linux /etc/issue:	Kernel \r on an \m
\# X display name (WxH):	work-eda:80 (1024x868)
\# Available geometry:			TL(0:0) BR(1023:867)
\# X server:			RealVNC Ltd (VNC nograph server, PID 70793)
\# Depth of Visual (Root):	16 (16)
\# Number of Planes Used:	16
\# X version:		11.0 (vendor release 3370)
\# X resource pool:	base 0x800000, mask 0x3fffff (4194303), shift 0
\# 			current id 0x0, current max 0x3ffffa (4194298)
\# Max data seg size:	     unlimited
\# Max process size:	     unlimited
\# Initial sbrk value:	        355 MB
\# Available memory:	      8,063 MB
\# System memory:	     11,866 MB
\# Maximum memory size:	     11,591 MB
\# Max mem available:	      8,143 MB
\# Initial memory used:	         80 MB
\#        process size:	        873 MB
\# Qt version:		4.8.5
\# Window Manager:	other
\# User Name:		root
\o Working Directory:	work-eda:/root/microled_ai_project/cadence_work
\# Process Id:		70672
\o 
\o COPYRIGHT © 1992-2015  CADENCE DESIGN SYSTEMS INC.  ALL RIGHTS RESERVED.
\o           © 1992-2015  UNIX SYSTEMS Laboratories INC.,
\o                          Reproduced with permission.
\o 
\o This Cadence Design Systems program and online documentation are
\o proprietary/confidential information and may be disclosed/used only
\o as authorized in a license agreement controlling such use and disclosure.
\o 
\o           RESTRICTED RIGHTS NOTICE (SHORT FORM)
\o Use/reproduction/disclosure is subject to restriction
\o set forth at FAR 1252.227-19 or its equivalent.
\o Loading geView.cxt 
\o Loading menuBuilder.cxt 
\o Loading schView.cxt 
\o Loading selectSv.cxt 
\o Loading wireEdit.cxt 
\o Loading pte2.cxt 
\o Loading xlUI.cxt 
\o Loading auCore.cxt 
\o Loading vhdl.cxt 
\o Loading seismic.cxt 
\o Loading ci.cxt 
\o Loading ams.cxt 
\o Virtuoso Framework License (111) was checked out successfully. Total checkout time was 0.03s.
\o END OF SITE CUSTOMIZATION
\o Loading $HOME/.cdsinit init file from the site init file.
\o RD3-BEGIN
\o RD3-CELLS ("data_sink_1ch" "data_bias_ref")
\o Loading smic18mmrf/libInit.il ...
\o 	Loading smic18mmrf/loadCxt.ile ... done!
\o 	Loading context 'smic18mmrf' from library 'smic18mmrf' ... done!
\o 	Loading context 'pdkUtils' from library 'smic18mmrf' ... done!
\o 	Loading smic18mmrf/display.drf ... done!
\o 	Loading smic18mmrf/libInitCktPro.il ... done!
\o 	Loading smic18mmrf/libInitCustomExit.il ... Loading libInitCustomExit.il for smic18mmrf
\o Loading oasis.cxt 
\o Loading analog.cxt 
\o Loading asimenv.cxt 
\o Loading spectrei.cxt 
\o Loading devCheck.cxt 
\o Loading relXpert.cxt 
\o Loading hspiceD.cxt 
\o Loading spectreinl.cxt 
\o Loading UltraSim.cxt 
\o Loading msgHandler.cxt 
\o Loading AMSOSS.cxt 
\o Loading AMS.cxt 
\# Memory report: using         326 MB, process size 1,148 MB at UTC 2026.10.08 17:03:14.174
\o done!
\o Loaded smic18mmrf/libInit.il successfully!
\o Loading smic skill utility
\o /root/microled_ai_project/pdk/smic18mmrf_teacher/smic18mmrf/../SMIC18MMRF_skillUtility/batchSetCDF.ile
\o /root/microled_ai_project/pdk/smic18mmrf_teacher/smic18mmrf/../SMIC18MMRF_skillUtility/libNumcheck.ile
\o Loading emxskill
\o file="/license.ils"loadfile="/root/microled_ai_project/pdk/smic18mmrf_teacher/smic18mmrf/../emxkit/emxskill/license.ils"/root/microled_ai_project/pdk/smic18mmrf_teacher/smic18mmrf/../emxkit/emxskill/license.ils
\o file="/continuum.ils"loadfile="/root/microled_ai_project/pdk/smic18mmrf_teacher/smic18mmrf/../emxkit/emxskill/continuum.ils"/root/microled_ai_project/pdk/smic18mmrf_teacher/smic18mmrf/../emxkit/emxskill/continuum.ils
\o file="/continuumgui.ils"loadfile="/root/microled_ai_project/pdk/smic18mmrf_teacher/smic18mmrf/../emxkit/emxskill/continuumgui.ils"/root/microled_ai_project/pdk/smic18mmrf_teacher/smic18mmrf/../emxkit/emxskill/continuumgui.ils
\o file="/callbacks.ils"loadfile="/root/microled_ai_project/pdk/smic18mmrf_teacher/smic18mmrf/../emxkit/emxskill/callbacks.ils"/root/microled_ai_project/pdk/smic18mmrf_teacher/smic18mmrf/../emxkit/emxskill/callbacks.ils
\o file="/../models/diff_ind_3t_rf_psub_18MTE_scalable.ils"loadfile="/root/microled_ai_project/pdk/smic18mmrf_teacher/smic18mmrf/../emxkit/emxskill/../models/diff_ind_3t_rf_psub_18MTE_scalable.ils"/root/microled_ai_project/pdk/smic18mmrf_teacher/smic18mmrf/../emxkit/emxskill/../models/diff_ind_3t_rf_psub_18MTE_scalable.ils
\o file="/../models/diff_ind_rf_psub_18MTE_scalable.ils"loadfile="/root/microled_ai_project/pdk/smic18mmrf_teacher/smic18mmrf/../emxkit/emxskill/../models/diff_ind_rf_psub_18MTE_scalable.ils"/root/microled_ai_project/pdk/smic18mmrf_teacher/smic18mmrf/../emxkit/emxskill/../models/diff_ind_rf_psub_18MTE_scalable.ils
\o file="/../models/ind_rf_psub_scalable.ils"loadfile="/root/microled_ai_project/pdk/smic18mmrf_teacher/smic18mmrf/../emxkit/emxskill/../models/ind_rf_psub_scalable.ils"/root/microled_ai_project/pdk/smic18mmrf_teacher/smic18mmrf/../emxkit/emxskill/../models/ind_rf_psub_scalable.ils
\o RD-CELL "microled_cells"/"data_sink_1ch" instances=10 nets=8 shapes=46 terms=0
\o RD3-MPARAM cell="n33_dnw_4t_ckt" name="l" value="350n"
\o RD3-MPARAM cell="n33_dnw_4t_ckt" name="w" value="350n"
\o RD3-MPARAM cell="n33_dnw_4t_ckt" name="fw" value="350n"
\o RD3-MPARAM cell="n33_dnw_4t_ckt" name="m" value="1"
\o RD3-MPARAM cell="n33_dnw_4t_ckt" name="fingers" value="1"
\o RD3-MPARAM cell="n33_dnw_4t_ckt" name="model" value="n33_dnw_4t_ckt"
\o RD-ROW cell="data_sink_1ch" inst="Mpass_local" master_lib="smic18mmrf" master_cell="n33_dnw_4t_ckt" master_view="symbol" model="n33_dnw_4t_ckt" raw_l="2e-06" raw_w="ABSENT" raw_fw="ABSENT" raw_fingers="ABSENT" raw_mult="ABSENT" simW="5e-06" cdf_l="2u" cdf_w="350n" cdf_fw="350n" cdf_fingers="1" cdf_mult="1" num_l=(2e-06) num_w=(3.5e-07) bbox=(((1.2 1.5125) (2.425 2.15625))) D="VBIAS_SHARED" G="DATA_EN" S="vbias_ch" B="vbias_ch" terms=("B" "D" "G" "S")
\o RD3-MPARAM cell="n33" name="l" value="350n"
\o RD3-MPARAM cell="n33" name="w" value="350n"
\o RD3-MPARAM cell="n33" name="fw" value="350n"
\o RD3-MPARAM cell="n33" name="m" value="1"
\o RD3-MPARAM cell="n33" name="fingers" value="1"
\o RD3-MPARAM cell="n33" name="model" value="n33"
\o RD-ROW cell="data_sink_1ch" inst="Mout" master_lib="smic18mmrf" master_cell="n33" master_view="symbol" model="n33" raw_l="2e-06" raw_w="ABSENT" raw_fw="ABSENT" raw_fingers="ABSENT" raw_mult="ABSENT" simW="2e-05" cdf_l="2u" cdf_w="350n" cdf_fw="350n" cdf_fingers="1" cdf_mult="1" num_l=(2e-06) num_w=(3.5e-07) bbox=(((0.2 0.1375) (1.425 0.78125))) D="node_m" G="vbias_ch" S="VSS" B="VSS" terms=("B" "D" "G" "S")
\o RD3-MPARAM cell="n33" name="l" value="350n"
\o RD3-MPARAM cell="n33" name="w" value="350n"
\o RD3-MPARAM cell="n33" name="fw" value="350n"
\o RD3-MPARAM cell="n33" name="m" value="1"
\o RD3-MPARAM cell="n33" name="fingers" value="1"
\o RD3-MPARAM cell="n33" name="model" value="n33"
\o RD-ROW cell="data_sink_1ch" inst="Mcas" master_lib="smic18mmrf" master_cell="n33" master_view="symbol" model="n33" raw_l="2e-06" raw_w="ABSENT" raw_fw="ABSENT" raw_fingers="ABSENT" raw_mult="ABSENT" simW="2e-05" cdf_l="2u" cdf_w="350n" cdf_fw="350n" cdf_fingers="1" cdf_mult="1" num_l=(2e-06) num_w=(3.5e-07) bbox=(((0.2 1.5125) (1.425 2.15625))) D="DATA_OUT" G="VCAS" S="node_m" B="VSS" terms=("B" "D" "G" "S")
\o RD3-MPARAM cell="n33" name="l" value="350n"
\o RD3-MPARAM cell="n33" name="w" value="350n"
\o RD3-MPARAM cell="n33" name="fw" value="350n"
\o RD3-MPARAM cell="n33" name="m" value="1"
\o RD3-MPARAM cell="n33" name="fingers" value="1"
\o RD3-MPARAM cell="n33" name="model" value="n33"
\o RD-ROW cell="data_sink_1ch" inst="Mbleed_local" master_lib="smic18mmrf" master_cell="n33" master_view="symbol" model="n33" raw_l="2e-06" raw_w="ABSENT" raw_fw="ABSENT" raw_fingers="ABSENT" raw_mult="ABSENT" simW="2e-06" cdf_l="2u" cdf_w="350n" cdf_fw="350n" cdf_fingers="1" cdf_mult="1" num_l=(2e-06) num_w=(3.5e-07) bbox=(((1.325 0.1375) (2.55 0.78125))) D="vbias_ch" G="DATA_EN_B" S="VSS" B="VSS" terms=("B" "D" "G" "S")
\o RD3-MPARAM cell="iopin" name="l" value="UNREADABLE"
\o RD3-MPARAM cell="iopin" name="w" value="UNREADABLE"
\o RD3-MPARAM cell="iopin" name="fw" value="UNREADABLE"
\o RD3-MPARAM cell="iopin" name="m" value="UNREADABLE"
\o RD3-MPARAM cell="iopin" name="fingers" value="UNREADABLE"
\o RD3-MPARAM cell="iopin" name="model" value="UNREADABLE"
\o RD3-MPARAM cell="iopin" name="l" value="UNREADABLE"
\o RD3-MPARAM cell="iopin" name="w" value="UNREADABLE"
\o RD3-MPARAM cell="iopin" name="fw" value="UNREADABLE"
\o RD3-MPARAM cell="iopin" name="m" value="UNREADABLE"
\o RD3-MPARAM cell="iopin" name="fingers" value="UNREADABLE"
\o RD3-MPARAM cell="iopin" name="model" value="UNREADABLE"
\o RD3-MPARAM cell="iopin" name="l" value="UNREADABLE"
\o RD3-MPARAM cell="iopin" name="w" value="UNREADABLE"
\o RD3-MPARAM cell="iopin" name="fw" value="UNREADABLE"
\o RD3-MPARAM cell="iopin" name="m" value="UNREADABLE"
\o RD3-MPARAM cell="iopin" name="fingers" value="UNREADABLE"
\o RD3-MPARAM cell="iopin" name="model" value="UNREADABLE"
\o RD3-MPARAM cell="iopin" name="l" value="UNREADABLE"
\o RD3-MPARAM cell="iopin" name="w" value="UNREADABLE"
\o RD3-MPARAM cell="iopin" name="fw" value="UNREADABLE"
\o RD3-MPARAM cell="iopin" name="m" value="UNREADABLE"
\o RD3-MPARAM cell="iopin" name="fingers" value="UNREADABLE"
\o RD3-MPARAM cell="iopin" name="model" value="UNREADABLE"
\o RD3-MPARAM cell="iopin" name="l" value="UNREADABLE"
\o RD3-MPARAM cell="iopin" name="w" value="UNREADABLE"
\o RD3-MPARAM cell="iopin" name="fw" value="UNREADABLE"
\o RD3-MPARAM cell="iopin" name="m" value="UNREADABLE"
\o RD3-MPARAM cell="iopin" name="fingers" value="UNREADABLE"
\o RD3-MPARAM cell="iopin" name="model" value="UNREADABLE"
\o RD3-MPARAM cell="iopin" name="l" value="UNREADABLE"
\o RD3-MPARAM cell="iopin" name="w" value="UNREADABLE"
\o RD3-MPARAM cell="iopin" name="fw" value="UNREADABLE"
\o RD3-MPARAM cell="iopin" name="m" value="UNREADABLE"
\o RD3-MPARAM cell="iopin" name="fingers" value="UNREADABLE"
\o RD3-MPARAM cell="iopin" name="model" value="UNREADABLE"
\o RD-NET net="VSS" pins=1 instTerms=5
\o RD-NETPIN net="VSS" pins=1
\o RD-NET net="vbias_ch" pins=0 instTerms=4
\o RD-NET net="node_m" pins=0 instTerms=2
\o RD-NET net="DATA_OUT" pins=1 instTerms=1
\o RD-NETPIN net="DATA_OUT" pins=1
\o RD-NET net="VCAS" pins=1 instTerms=1
\o RD-NETPIN net="VCAS" pins=1
\o RD-NET net="VBIAS_SHARED" pins=1 instTerms=1
\o RD-NETPIN net="VBIAS_SHARED" pins=1
\o RD-NET net="DATA_EN_B" pins=1 instTerms=1
\o RD-NETPIN net="DATA_EN_B" pins=1
\o RD-NET net="DATA_EN" pins=1 instTerms=1
\o RD-NETPIN net="DATA_EN" pins=1
\o RD-CELL "microled_cells"/"data_bias_ref" instances=3 nets=2 shapes=16 terms=0
\o RD3-MPARAM cell="n33" name="l" value="350n"
\o RD3-MPARAM cell="n33" name="w" value="350n"
\o RD3-MPARAM cell="n33" name="fw" value="350n"
\o RD3-MPARAM cell="n33" name="m" value="1"
\o RD3-MPARAM cell="n33" name="fingers" value="1"
\o RD3-MPARAM cell="n33" name="model" value="n33"
\o RD-ROW cell="data_bias_ref" inst="Mref" master_lib="smic18mmrf" master_cell="n33" master_view="symbol" model="n33" raw_l="2e-06" raw_w="ABSENT" raw_fw="ABSENT" raw_fingers="ABSENT" raw_mult="ABSENT" simW="2e-05" cdf_l="2u" cdf_w="350n" cdf_fw="350n" cdf_fingers="1" cdf_mult="1" num_l=(2e-06) num_w=(3.5e-07) bbox=(((0.075 0.1375) (1.3 0.78125))) D="VBIAS_SHARED" G="VBIAS_SHARED" S="VSS" B="VSS" terms=("B" "D" "G" "S")
\o RD3-MPARAM cell="iopin" name="l" value="UNREADABLE"
\o RD3-MPARAM cell="iopin" name="w" value="UNREADABLE"
\o RD3-MPARAM cell="iopin" name="fw" value="UNREADABLE"
\o RD3-MPARAM cell="iopin" name="m" value="UNREADABLE"
\o RD3-MPARAM cell="iopin" name="fingers" value="UNREADABLE"
\o RD3-MPARAM cell="iopin" name="model" value="UNREADABLE"
\o RD3-MPARAM cell="iopin" name="l" value="UNREADABLE"
\o RD3-MPARAM cell="iopin" name="w" value="UNREADABLE"
\o RD3-MPARAM cell="iopin" name="fw" value="UNREADABLE"
\o RD3-MPARAM cell="iopin" name="m" value="UNREADABLE"
\o RD3-MPARAM cell="iopin" name="fingers" value="UNREADABLE"
\o RD3-MPARAM cell="iopin" name="model" value="UNREADABLE"
\o RD-NET net="VSS" pins=1 instTerms=2
\o RD-NETPIN net="VSS" pins=1
\o RD-NET net="VBIAS_SHARED" pins=1 instTerms=2
\o RD-NETPIN net="VBIAS_SHARED" pins=1
\o RD3_DONE
\o 
\o Loading lce.cxt 
\# Memory report: on exit            330 MB, process size 1,152 MB at UTC 2026.10.08 17:03:14.290
\# Memory report: peak usage         330 MB, process size 1,152 MB
