
================ CORNER tt
OA_NETLIST_EXPORT: PASS
TESTBENCH_PREFLIGHT: PASS (flat_tt_on)
SIM flat_tt_on: rc=0 errors=0 warnings=0
       PROBE_BURDEN      : max |V(vsw) - V(data_out)| = 0.000e+00 V (must be 0)
       vbias_ch        : 0.884261 .. 0.884261 V   worst (VBIAS_SHARED - it) = 0.000000 V, worst overshoot = -0.000000 V
    == SCH3_flat_tt_on  points=166  VOUT_max=3.3000 V  IOUT@max=14.960843 uA (err -0.261 %)
       COMPLIANCE_1PCT : 0.4600 V
       NOMINAL VOUT=1.2000 V: IOUT=14.931906 uA  err=-0.454 %
    DATA_DRIVER_DC: OK
ANALYSER_VERDICT flat_tt_on: OK/PASS present, no FAIL
OA_NETLIST_EXPORT: PASS
TESTBENCH_PREFLIGHT: PASS (flat_tt_off)
SIM flat_tt_off: rc=0 errors=0 warnings=0
       PROBE_BURDEN      : max |V(vsw) - V(data_out)| = 0.000e+00 V (must be 0)
       vbias_ch        : 0.000000 .. 0.000000 V   worst (VBIAS_SHARED - it) = 0.884277 V, worst overshoot = -0.884261 V
    == SCH3_flat_tt_off  points=166  VOUT_max=3.3000 V  IOUT@max=0.000005 uA (err -100.000 %)
       COMPLIANCE_1PCT : NOT_FOUND
       NOMINAL VOUT=1.2000 V: IOUT=0.000001 uA  err=-100.000 %
    DATA_DRIVER_DC: OK
ANALYSER_VERDICT flat_tt_off: OK/PASS present, no FAIL
HIER_PREFLIGHT: BLOCKED_BY_PORT_RULE (tt) -- deck generated, not simulated
      STATIC_FAIL instance Xc (subckt data_sink_1ch) exposes no vdd port
      STATIC_FAIL instance Xc (subckt data_sink_1ch) exposes no vss port
      STATIC_FAIL instance Xb (subckt data_bias_ref) exposes no vdd port
      STATIC_FAIL instance Xb (subckt data_bias_ref) exposes no vss port
TESTBENCH_PREFLIGHT: PASS (flat_tt_ch0)
SIM flat_tt_ch0: rc=0 errors=0 warnings=0
       TURN_ON_SETTLING  : 2.727e-08 s   (worst of 4, 0 never settled)
       TURN_OFF          : 1.008e-08 s   (worst of 4, 0 never met the band)
       ON_RIPPLE         : 0.000000 uA peak-to-peak worst (spread of the settled tail; could be circuit ripple or solver alternation -- RINGING below separates them)
       RINGING           : ADJACENT_POINT_ALTERNATION: NO   (worst alternation 0.000000 uA p2p, sign-flip ratio 0.728, 2660 samples over 4 ON windows; YES needs p2p >= 0.0150 uA and flips >= 0.70. Step-locked by construction, so a real ripple survives changing maxstep while ringing does not.)
       VBIAS_SHARED      : 0.805416 .. 0.887491 V   (worst deviation 0.078846 V = 4.3803 % of 1.8 V)
       VBIAS_CH : -0.000457 .. 0.884428 V   (the channel's own mirror gate: ON must reach VBIAS_SHARED, OFF must reach 0)
       GATE_PASS_ERROR   : worst (VBIAS_SHARED - vbias_ch) = 0.884261 V   (a pass device that cannot equal its input leaves the mirror short)
    DATA_DRIVER_TRAN: OK
ANALYSER_VERDICT flat_tt_ch0: OK/PASS present, no FAIL
TESTBENCH_PREFLIGHT: PASS (flat_tt_base)
SIM flat_tt_base: rc=0 errors=0 warnings=0
       TURN_ON_SETTLING  : NOT_FOUND   (worst of 0, 0 never settled)
       TURN_OFF          : NOT_FOUND   (worst of 0, 0 never met the band)
       VBIAS_SHARED      : 0.884261 .. 0.884261 V   (worst deviation 0.000000 V = 0.0000 % of 1.8 V)
       VBIAS_CH : 0.884261 .. 0.884261 V   (the channel's own mirror gate: ON must reach VBIAS_SHARED, OFF must reach 0)
       GATE_PASS_ERROR   : worst (VBIAS_SHARED - vbias_ch) = 0.000000 V   (a pass device that cannot equal its input leaves the mirror short)
    DATA_DRIVER_TRAN: FAIL (no complete ON window in the run)
ANALYSER_FAIL flat_tt_base: DATA_DRIVER_TRAN: FAIL 
TESTBENCH_PREFLIGHT: PASS (flat_tt_victim)
SIM flat_tt_victim: rc=0 errors=0 warnings=0
       I_BASELINE        : 14.931906 uA   (median of the static neighbour-held run tran1.tran.tran)
       PEAK_CROSSTALK_ERROR   : 7.877215 uA above baseline = 52.515 % of target
       CHARGE_ERROR_PERCENT   : 0.0726 %  (|Q_error| / (15uA x 3.515e-05 s))
       GLITCH_DURATION >+/- 1% : 1.4397e-07 s (0.41 % of the observed window)
       VBIAS_SHARED      : 0.805416 .. 0.887491 V   (spread 0.082075 V)
       vbias_ch1         : 0.819621 .. 0.886118 V   (spread 0.066497 V)
       RINGING           : ADJACENT_POINT_ALTERNATION: NO   (alternation 0.000000 uA p2p, sign-flip ratio 0.214 over 7193 samples; YES needs p2p >= 0.0150 uA and flips >= 0.70)
    TWO_CHANNEL_INDEPENDENCE: FAIL (peak 52.969 %, charge 0.073 % vs 1.0 % POC criterion)
ANALYSER_FAIL flat_tt_victim: TWO_CHANNEL_INDEPENDENCE: FAIL 
HIER_PREFLIGHT: BLOCKED_BY_PORT_RULE (tt dyn) -- deck generated, not simulated

================ CORNER ss
OA_NETLIST_EXPORT: PASS
TESTBENCH_PREFLIGHT: PASS (flat_ss_on)
SIM flat_ss_on: rc=0 errors=0 warnings=0
       PROBE_BURDEN      : max |V(vsw) - V(data_out)| = 0.000e+00 V (must be 0)
       vbias_ch        : 0.951269 .. 0.951269 V   worst (VBIAS_SHARED - it) = 0.000000 V, worst overshoot = -0.000000 V
    == SCH3_flat_ss_on  points=166  VOUT_max=3.3000 V  IOUT@max=14.934468 uA (err -0.437 %)
       COMPLIANCE_1PCT : 0.5000 V
       NOMINAL VOUT=1.2000 V: IOUT=14.899428 uA  err=-0.670 %
    DATA_DRIVER_DC: OK
ANALYSER_VERDICT flat_ss_on: OK/PASS present, no FAIL
OA_NETLIST_EXPORT: PASS
TESTBENCH_PREFLIGHT: PASS (flat_ss_off)
SIM flat_ss_off: rc=0 errors=0 warnings=0
       PROBE_BURDEN      : max |V(vsw) - V(data_out)| = 0.000e+00 V (must be 0)
       vbias_ch        : 0.000000 .. 0.000000 V   worst (VBIAS_SHARED - it) = 0.951454 V, worst overshoot = -0.951269 V
    == SCH3_flat_ss_off  points=166  VOUT_max=3.3000 V  IOUT@max=0.000000 uA (err -100.000 %)
       COMPLIANCE_1PCT : NOT_FOUND
       NOMINAL VOUT=1.2000 V: IOUT=0.000000 uA  err=-100.000 %
    DATA_DRIVER_DC: OK
ANALYSER_VERDICT flat_ss_off: OK/PASS present, no FAIL
HIER_PREFLIGHT: BLOCKED_BY_PORT_RULE (ss) -- deck generated, not simulated
      STATIC_FAIL instance Xc (subckt data_sink_1ch) exposes no vdd port
      STATIC_FAIL instance Xc (subckt data_sink_1ch) exposes no vss port
      STATIC_FAIL instance Xb (subckt data_bias_ref) exposes no vdd port
      STATIC_FAIL instance Xb (subckt data_bias_ref) exposes no vss port
TESTBENCH_PREFLIGHT: PASS (flat_ss_ch0)
SIM flat_ss_ch0: rc=0 errors=0 warnings=0
       TURN_ON_SETTLING  : 3.654e-08 s   (worst of 4, 0 never settled)
       TURN_OFF          : 1.077e-08 s   (worst of 4, 0 never met the band)
       ON_RIPPLE         : 0.000000 uA peak-to-peak worst (spread of the settled tail; could be circuit ripple or solver alternation -- RINGING below separates them)
       RINGING           : ADJACENT_POINT_ALTERNATION: NO   (worst alternation 0.000000 uA p2p, sign-flip ratio 0.898, 2660 samples over 4 ON windows; YES needs p2p >= 0.0150 uA and flips >= 0.70. Step-locked by construction, so a real ripple survives changing maxstep while ringing does not.)
       VBIAS_SHARED      : 0.862478 .. 0.955110 V   (worst deviation 0.088791 V = 4.9328 % of 1.8 V)
       VBIAS_CH : -0.000438 .. 0.951269 V   (the channel's own mirror gate: ON must reach VBIAS_SHARED, OFF must reach 0)
       GATE_PASS_ERROR   : worst (VBIAS_SHARED - vbias_ch) = 0.951269 V   (a pass device that cannot equal its input leaves the mirror short)
    DATA_DRIVER_TRAN: OK
ANALYSER_VERDICT flat_ss_ch0: OK/PASS present, no FAIL
TESTBENCH_PREFLIGHT: PASS (flat_ss_base)
SIM flat_ss_base: rc=0 errors=0 warnings=0
       TURN_ON_SETTLING  : NOT_FOUND   (worst of 0, 0 never settled)
       TURN_OFF          : NOT_FOUND   (worst of 0, 0 never met the band)
       VBIAS_SHARED      : 0.951269 .. 0.951269 V   (worst deviation 0.000000 V = 0.0000 % of 1.8 V)
       VBIAS_CH : 0.951269 .. 0.951269 V   (the channel's own mirror gate: ON must reach VBIAS_SHARED, OFF must reach 0)
       GATE_PASS_ERROR   : worst (VBIAS_SHARED - vbias_ch) = 0.000000 V   (a pass device that cannot equal its input leaves the mirror short)
    DATA_DRIVER_TRAN: FAIL (no complete ON window in the run)
ANALYSER_FAIL flat_ss_base: DATA_DRIVER_TRAN: FAIL 
TESTBENCH_PREFLIGHT: PASS (flat_ss_victim)
SIM flat_ss_victim: rc=0 errors=0 warnings=0
       I_BASELINE        : 14.899428 uA   (median of the static neighbour-held run tran1.tran.tran)
       PEAK_CROSSTALK_ERROR   : 6.786790 uA above baseline = 45.245 % of target
       CHARGE_ERROR_PERCENT   : 0.0877 %  (|Q_error| / (15uA x 3.515e-05 s))
       GLITCH_DURATION >+/- 1% : 2.1890e-07 s (0.62 % of the observed window)
       VBIAS_SHARED      : 0.862478 .. 0.955110 V   (spread 0.092632 V)
       vbias_ch1         : 0.896670 .. 0.952449 V   (spread 0.055778 V)
       RINGING           : ADJACENT_POINT_ALTERNATION: NO   (alternation 0.000000 uA p2p, sign-flip ratio 0.441 over 7196 samples; YES needs p2p >= 0.0150 uA and flips >= 0.70)
    TWO_CHANNEL_INDEPENDENCE: FAIL (peak 45.916 %, charge 0.088 % vs 1.0 % POC criterion)
ANALYSER_FAIL flat_ss_victim: TWO_CHANNEL_INDEPENDENCE: FAIL 
HIER_PREFLIGHT: BLOCKED_BY_PORT_RULE (ss dyn) -- deck generated, not simulated

================ CORNER ff
OA_NETLIST_EXPORT: PASS
TESTBENCH_PREFLIGHT: PASS (flat_ff_on)
SIM flat_ff_on: rc=0 errors=0 warnings=0
       PROBE_BURDEN      : max |V(vsw) - V(data_out)| = 0.000e+00 V (must be 0)
       vbias_ch        : 0.818122 .. 0.818122 V   worst (VBIAS_SHARED - it) = 0.000000 V, worst overshoot = -0.000000 V
    == SCH3_flat_ff_on  points=166  VOUT_max=3.3000 V  IOUT@max=14.988599 uA (err -0.076 %)
       COMPLIANCE_1PCT : 0.4200 V
       NOMINAL VOUT=1.2000 V: IOUT=14.964881 uA  err=-0.234 %
    DATA_DRIVER_DC: OK
ANALYSER_VERDICT flat_ff_on: OK/PASS present, no FAIL
OA_NETLIST_EXPORT: PASS
TESTBENCH_PREFLIGHT: PASS (flat_ff_off)
SIM flat_ff_off: rc=0 errors=0 warnings=0
       PROBE_BURDEN      : max |V(vsw) - V(data_out)| = 0.000e+00 V (must be 0)
       vbias_ch        : 0.000000 .. 0.000000 V   worst (VBIAS_SHARED - it) = 0.818129 V, worst overshoot = -0.818122 V
    == SCH3_flat_ff_off  points=166  VOUT_max=3.3000 V  IOUT@max=0.000027 uA (err -100.000 %)
       COMPLIANCE_1PCT : NOT_FOUND
       NOMINAL VOUT=1.2000 V: IOUT=0.000004 uA  err=-100.000 %
    DATA_DRIVER_DC: OK
ANALYSER_VERDICT flat_ff_off: OK/PASS present, no FAIL
HIER_PREFLIGHT: BLOCKED_BY_PORT_RULE (ff) -- deck generated, not simulated
      STATIC_FAIL instance Xc (subckt data_sink_1ch) exposes no vdd port
      STATIC_FAIL instance Xc (subckt data_sink_1ch) exposes no vss port
      STATIC_FAIL instance Xb (subckt data_bias_ref) exposes no vdd port
      STATIC_FAIL instance Xb (subckt data_bias_ref) exposes no vss port
TESTBENCH_PREFLIGHT: PASS (flat_ff_ch0)
SIM flat_ff_ch0: rc=0 errors=0 warnings=0
       TURN_ON_SETTLING  : 2.425e-08 s   (worst of 4, 0 never settled)
       TURN_OFF          : 1.041e-08 s   (worst of 4, 0 never met the band)
       ON_RIPPLE         : 0.000000 uA peak-to-peak worst (spread of the settled tail; could be circuit ripple or solver alternation -- RINGING below separates them)
       RINGING           : ADJACENT_POINT_ALTERNATION: NO   (worst alternation 0.000000 uA p2p, sign-flip ratio 0.769, 2660 samples over 4 ON windows; YES needs p2p >= 0.0150 uA and flips >= 0.70. Step-locked by construction, so a real ripple survives changing maxstep while ringing does not.)
       VBIAS_SHARED      : 0.742765 .. 0.821221 V   (worst deviation 0.075356 V = 4.1865 % of 1.8 V)
       VBIAS_CH : 0.000000 .. 0.818397 V   (the channel's own mirror gate: ON must reach VBIAS_SHARED, OFF must reach 0)
       GATE_PASS_ERROR   : worst (VBIAS_SHARED - vbias_ch) = 0.818134 V   (a pass device that cannot equal its input leaves the mirror short)
    DATA_DRIVER_TRAN: OK
ANALYSER_VERDICT flat_ff_ch0: OK/PASS present, no FAIL
TESTBENCH_PREFLIGHT: PASS (flat_ff_base)
SIM flat_ff_base: rc=0 errors=0 warnings=0
       TURN_ON_SETTLING  : NOT_FOUND   (worst of 0, 0 never settled)
       TURN_OFF          : NOT_FOUND   (worst of 0, 0 never met the band)
       VBIAS_SHARED      : 0.818122 .. 0.818122 V   (worst deviation 0.000000 V = 0.0000 % of 1.8 V)
       VBIAS_CH : 0.818122 .. 0.818122 V   (the channel's own mirror gate: ON must reach VBIAS_SHARED, OFF must reach 0)
       GATE_PASS_ERROR   : worst (VBIAS_SHARED - vbias_ch) = 0.000000 V   (a pass device that cannot equal its input leaves the mirror short)
    DATA_DRIVER_TRAN: FAIL (no complete ON window in the run)
ANALYSER_FAIL flat_ff_base: DATA_DRIVER_TRAN: FAIL 
TESTBENCH_PREFLIGHT: PASS (flat_ff_victim)
SIM flat_ff_victim: rc=0 errors=0 warnings=0
       I_BASELINE        : 14.964881 uA   (median of the static neighbour-held run tran1.tran.tran)
       PEAK_CROSSTALK_ERROR   : 7.940568 uA above baseline = 52.937 % of target
       CHARGE_ERROR_PERCENT   : 0.0663 %  (|Q_error| / (15uA x 3.515e-05 s))
       GLITCH_DURATION >+/- 1% : 1.2956e-07 s (0.37 % of the observed window)
       VBIAS_SHARED      : 0.742780 .. 0.821221 V   (spread 0.078441 V)
       vbias_ch1         : 0.752551 .. 0.820210 V   (spread 0.067658 V)
       RINGING           : ADJACENT_POINT_ALTERNATION: NO   (alternation 0.000000 uA p2p, sign-flip ratio 0.307 over 7189 samples; YES needs p2p >= 0.0150 uA and flips >= 0.70)
    TWO_CHANNEL_INDEPENDENCE: FAIL (peak 53.171 %, charge 0.066 % vs 1.0 % POC criterion)
ANALYSER_FAIL flat_ff_victim: TWO_CHANNEL_INDEPENDENCE: FAIL 
HIER_PREFLIGHT: BLOCKED_BY_PORT_RULE (ff dyn) -- deck generated, not simulated

===== two-channel static combinations (accepted tt decks, OA devices) =====
TESTBENCH_PREFLIGHT: PASS (flat_tt_e00_ch0)
SIM flat_tt_e00_ch0: rc=0 errors=0 warnings=0
       I_BASELINE        : 0.000001 uA   (median of the observed window)
       PEAK_CROSSTALK_ERROR   : 0.000000 uA above baseline = 0.000 % of target
       CHARGE_ERROR_PERCENT   : 0.0000 %  (|Q_error| / (15uA x 6.745e-07 s))
       GLITCH_DURATION >+/- 1% : 0.0000e+00 s (0.00 % of the observed window)
       VBIAS_SHARED      : 0.884261 .. 0.884261 V   (spread 0.000000 V)
       vbias_ch          : 0.000000 .. 0.000000 V   (spread 0.000000 V)
       RINGING           : ADJACENT_POINT_ALTERNATION: NO   (alternation 0.000000 uA p2p, sign-flip ratio 0.737 over 676 samples; YES needs p2p >= 0.0150 uA and flips >= 0.70)
    TWO_CHANNEL_INDEPENDENCE: FAIL (peak 100.000 %, charge 0.000 % vs 1.0 % POC criterion)
ANALYSER_FAIL flat_tt_e00_ch0: TWO_CHANNEL_INDEPENDENCE: FAIL 
TESTBENCH_PREFLIGHT: PASS (flat_tt_e00_ch1)
SIM flat_tt_e00_ch1: rc=0 errors=0 warnings=0
       I_BASELINE        : 0.000001 uA   (median of the observed window)
       PEAK_CROSSTALK_ERROR   : 0.000000 uA above baseline = 0.000 % of target
       CHARGE_ERROR_PERCENT   : 0.0000 %  (|Q_error| / (15uA x 6.745e-07 s))
       GLITCH_DURATION >+/- 1% : 0.0000e+00 s (0.00 % of the observed window)
       VBIAS_SHARED      : 0.884261 .. 0.884261 V   (spread 0.000000 V)
       vbias_ch1         : 0.000000 .. 0.000000 V   (spread 0.000000 V)
       RINGING           : ADJACENT_POINT_ALTERNATION: NO   (alternation 0.000000 uA p2p, sign-flip ratio 0.730 over 676 samples; YES needs p2p >= 0.0150 uA and flips >= 0.70)
    TWO_CHANNEL_INDEPENDENCE: FAIL (peak 100.000 %, charge 0.000 % vs 1.0 % POC criterion)
ANALYSER_FAIL flat_tt_e00_ch1: TWO_CHANNEL_INDEPENDENCE: FAIL 
TESTBENCH_PREFLIGHT: PASS (flat_tt_e01_ch0)
SIM flat_tt_e01_ch0: rc=0 errors=0 warnings=0
       I_BASELINE        : 0.000001 uA   (median of the observed window)
       PEAK_CROSSTALK_ERROR   : 0.000000 uA above baseline = 0.000 % of target
       CHARGE_ERROR_PERCENT   : 0.0000 %  (|Q_error| / (15uA x 6.745e-07 s))
       GLITCH_DURATION >+/- 1% : 0.0000e+00 s (0.00 % of the observed window)
       VBIAS_SHARED      : 0.884261 .. 0.884261 V   (spread 0.000000 V)
       vbias_ch          : 0.000000 .. 0.000000 V   (spread 0.000000 V)
       RINGING           : ADJACENT_POINT_ALTERNATION: NO   (alternation 0.000000 uA p2p, sign-flip ratio 0.724 over 676 samples; YES needs p2p >= 0.0150 uA and flips >= 0.70)
    TWO_CHANNEL_INDEPENDENCE: FAIL (peak 100.000 %, charge 0.000 % vs 1.0 % POC criterion)
ANALYSER_FAIL flat_tt_e01_ch0: TWO_CHANNEL_INDEPENDENCE: FAIL 
TESTBENCH_PREFLIGHT: PASS (flat_tt_e01_ch1)
SIM flat_tt_e01_ch1: rc=0 errors=0 warnings=0
       I_BASELINE        : 14.931906 uA   (median of the observed window)
       PEAK_CROSSTALK_ERROR   : 0.000000 uA above baseline = 0.000 % of target
       CHARGE_ERROR_PERCENT   : 0.0000 %  (|Q_error| / (15uA x 6.745e-07 s))
       GLITCH_DURATION >+/- 1% : 0.0000e+00 s (0.00 % of the observed window)
       VBIAS_SHARED      : 0.884261 .. 0.884261 V   (spread 0.000000 V)
       vbias_ch1         : 0.884261 .. 0.884261 V   (spread 0.000000 V)
       RINGING           : ADJACENT_POINT_ALTERNATION: NO   (alternation 0.000000 uA p2p, sign-flip ratio 0.991 over 676 samples; YES needs p2p >= 0.0150 uA and flips >= 0.70)
    TWO_CHANNEL_INDEPENDENCE: PASS (peak 0.454 % <= 1.0 %, charge 0.000 % <= 1.0 % POC criteria)
ANALYSER_VERDICT flat_tt_e01_ch1: OK/PASS present, no FAIL
TESTBENCH_PREFLIGHT: PASS (flat_tt_e10_ch0)
SIM flat_tt_e10_ch0: rc=0 errors=0 warnings=0
       I_BASELINE        : 14.931906 uA   (median of the observed window)
       PEAK_CROSSTALK_ERROR   : 0.000000 uA above baseline = 0.000 % of target
       CHARGE_ERROR_PERCENT   : 0.0000 %  (|Q_error| / (15uA x 6.745e-07 s))
       GLITCH_DURATION >+/- 1% : 0.0000e+00 s (0.00 % of the observed window)
       VBIAS_SHARED      : 0.884261 .. 0.884261 V   (spread 0.000000 V)
       vbias_ch          : 0.884261 .. 0.884261 V   (spread 0.000000 V)
       RINGING           : ADJACENT_POINT_ALTERNATION: NO   (alternation 0.000000 uA p2p, sign-flip ratio 0.816 over 676 samples; YES needs p2p >= 0.0150 uA and flips >= 0.70)
    TWO_CHANNEL_INDEPENDENCE: PASS (peak 0.454 % <= 1.0 %, charge 0.000 % <= 1.0 % POC criteria)
ANALYSER_VERDICT flat_tt_e10_ch0: OK/PASS present, no FAIL
TESTBENCH_PREFLIGHT: PASS (flat_tt_e10_ch1)
SIM flat_tt_e10_ch1: rc=0 errors=0 warnings=0
       I_BASELINE        : 0.000001 uA   (median of the observed window)
       PEAK_CROSSTALK_ERROR   : 0.000000 uA above baseline = 0.000 % of target
       CHARGE_ERROR_PERCENT   : 0.0000 %  (|Q_error| / (15uA x 6.745e-07 s))
       GLITCH_DURATION >+/- 1% : 0.0000e+00 s (0.00 % of the observed window)
       VBIAS_SHARED      : 0.884261 .. 0.884261 V   (spread 0.000000 V)
       vbias_ch1         : 0.000000 .. 0.000000 V   (spread 0.000000 V)
       RINGING           : ADJACENT_POINT_ALTERNATION: NO   (alternation 0.000000 uA p2p, sign-flip ratio 0.715 over 676 samples; YES needs p2p >= 0.0150 uA and flips >= 0.70)
    TWO_CHANNEL_INDEPENDENCE: FAIL (peak 100.000 %, charge 0.000 % vs 1.0 % POC criterion)
ANALYSER_FAIL flat_tt_e10_ch1: TWO_CHANNEL_INDEPENDENCE: FAIL 
TESTBENCH_PREFLIGHT: PASS (flat_tt_e11_ch0)
SIM flat_tt_e11_ch0: rc=0 errors=0 warnings=0
       I_BASELINE        : 14.931906 uA   (median of the observed window)
       PEAK_CROSSTALK_ERROR   : 0.000000 uA above baseline = 0.000 % of target
       CHARGE_ERROR_PERCENT   : 0.0000 %  (|Q_error| / (15uA x 6.745e-07 s))
       GLITCH_DURATION >+/- 1% : 0.0000e+00 s (0.00 % of the observed window)
       VBIAS_SHARED      : 0.884261 .. 0.884261 V   (spread 0.000000 V)
       vbias_ch          : 0.884261 .. 0.884261 V   (spread 0.000000 V)
       RINGING           : ADJACENT_POINT_ALTERNATION: NO   (alternation 0.000000 uA p2p, sign-flip ratio 0.877 over 676 samples; YES needs p2p >= 0.0150 uA and flips >= 0.70)
    TWO_CHANNEL_INDEPENDENCE: PASS (peak 0.454 % <= 1.0 %, charge 0.000 % <= 1.0 % POC criteria)
ANALYSER_VERDICT flat_tt_e11_ch0: OK/PASS present, no FAIL
TESTBENCH_PREFLIGHT: PASS (flat_tt_e11_ch1)
SIM flat_tt_e11_ch1: rc=0 errors=0 warnings=0
       I_BASELINE        : 14.931906 uA   (median of the observed window)
       PEAK_CROSSTALK_ERROR   : 0.000000 uA above baseline = 0.000 % of target
       CHARGE_ERROR_PERCENT   : 0.0000 %  (|Q_error| / (15uA x 6.745e-07 s))
       GLITCH_DURATION >+/- 1% : 0.0000e+00 s (0.00 % of the observed window)
       VBIAS_SHARED      : 0.884261 .. 0.884261 V   (spread 0.000000 V)
       vbias_ch1         : 0.884261 .. 0.884261 V   (spread 0.000000 V)
       RINGING           : ADJACENT_POINT_ALTERNATION: NO   (alternation 0.000000 uA p2p, sign-flip ratio 0.877 over 676 samples; YES needs p2p >= 0.0150 uA and flips >= 0.70)
    TWO_CHANNEL_INDEPENDENCE: PASS (peak 0.454 % <= 1.0 %, charge 0.000 % <= 1.0 % POC criteria)
ANALYSER_VERDICT flat_tt_e11_ch1: OK/PASS present, no FAIL

results: /root/microled_ai_project/results/data_driver_schematic_dc.csv
         /root/microled_ai_project/results/data_driver_schematic_transient.csv
         /root/microled_ai_project/results/data_driver_schematic_xtalk.csv
         /root/microled_ai_project/results/data_driver_schematic_static.csv
OA_HIERARCHICAL_DECK: BLOCKED_BY_PREFLIGHT_PORT_RULE
SCH3_REGRESSION_RUNS_DONE corners=tt ss ff rc_total=1
